Archive member included to satisfy reference by file (symbol)

C:/ST/STM32CubeIDE_2.0.0/STM32CubeIDE/plugins/com.st.stm32cube.ide.mcu.externaltools.gnu-tools-for-stm32.13.3.rel1.win32_1.0.100.202509120712/tools/bin/../lib/gcc/arm-none-eabi/13.3.1/../../../../arm-none-eabi/lib/thumb/v7-m/nofp\libc_nano.a(libc_a-exit.o)
                              C:/ST/STM32CubeIDE_2.0.0/STM32CubeIDE/plugins/com.st.stm32cube.ide.mcu.externaltools.gnu-tools-for-stm32.13.3.rel1.win32_1.0.100.202509120712/tools/bin/../lib/gcc/arm-none-eabi/13.3.1/../../../../arm-none-eabi/lib/thumb/v7-m/nofp/crt0.o (exit)
C:/ST/STM32CubeIDE_2.0.0/STM32CubeIDE/plugins/com.st.stm32cube.ide.mcu.externaltools.gnu-tools-for-stm32.13.3.rel1.win32_1.0.100.202509120712/tools/bin/../lib/gcc/arm-none-eabi/13.3.1/../../../../arm-none-eabi/lib/thumb/v7-m/nofp\libc_nano.a(libc_a-findfp.o)
                              C:/ST/STM32CubeIDE_2.0.0/STM32CubeIDE/plugins/com.st.stm32cube.ide.mcu.externaltools.gnu-tools-for-stm32.13.3.rel1.win32_1.0.100.202509120712/tools/bin/../lib/gcc/arm-none-eabi/13.3.1/../../../../arm-none-eabi/lib/thumb/v7-m/nofp\libc_nano.a(libc_a-exit.o) (__stdio_exit_handler)
C:/ST/STM32CubeIDE_2.0.0/STM32CubeIDE/plugins/com.st.stm32cube.ide.mcu.externaltools.gnu-tools-for-stm32.13.3.rel1.win32_1.0.100.202509120712/tools/bin/../lib/gcc/arm-none-eabi/13.3.1/../../../../arm-none-eabi/lib/thumb/v7-m/nofp\libc_nano.a(libc_a-fwalk.o)
                              C:/ST/STM32CubeIDE_2.0.0/STM32CubeIDE/plugins/com.st.stm32cube.ide.mcu.externaltools.gnu-tools-for-stm32.13.3.rel1.win32_1.0.100.202509120712/tools/bin/../lib/gcc/arm-none-eabi/13.3.1/../../../../arm-none-eabi/lib/thumb/v7-m/nofp\libc_nano.a(libc_a-findfp.o) (_fwalk_sglue)
C:/ST/STM32CubeIDE_2.0.0/STM32CubeIDE/plugins/com.st.stm32cube.ide.mcu.externaltools.gnu-tools-for-stm32.13.3.rel1.win32_1.0.100.202509120712/tools/bin/../lib/gcc/arm-none-eabi/13.3.1/../../../../arm-none-eabi/lib/thumb/v7-m/nofp\libc_nano.a(libc_a-stdio.o)
                              C:/ST/STM32CubeIDE_2.0.0/STM32CubeIDE/plugins/com.st.stm32cube.ide.mcu.externaltools.gnu-tools-for-stm32.13.3.rel1.win32_1.0.100.202509120712/tools/bin/../lib/gcc/arm-none-eabi/13.3.1/../../../../arm-none-eabi/lib/thumb/v7-m/nofp\libc_nano.a(libc_a-findfp.o) (__sread)
C:/ST/STM32CubeIDE_2.0.0/STM32CubeIDE/plugins/com.st.stm32cube.ide.mcu.externaltools.gnu-tools-for-stm32.13.3.rel1.win32_1.0.100.202509120712/tools/bin/../lib/gcc/arm-none-eabi/13.3.1/../../../../arm-none-eabi/lib/thumb/v7-m/nofp\libc_nano.a(libc_a-memset.o)
                              C:/ST/STM32CubeIDE_2.0.0/STM32CubeIDE/plugins/com.st.stm32cube.ide.mcu.externaltools.gnu-tools-for-stm32.13.3.rel1.win32_1.0.100.202509120712/tools/bin/../lib/gcc/arm-none-eabi/13.3.1/../../../../arm-none-eabi/lib/thumb/v7-m/nofp/crt0.o (memset)
C:/ST/STM32CubeIDE_2.0.0/STM32CubeIDE/plugins/com.st.stm32cube.ide.mcu.externaltools.gnu-tools-for-stm32.13.3.rel1.win32_1.0.100.202509120712/tools/bin/../lib/gcc/arm-none-eabi/13.3.1/../../../../arm-none-eabi/lib/thumb/v7-m/nofp\libc_nano.a(libc_a-closer.o)
                              C:/ST/STM32CubeIDE_2.0.0/STM32CubeIDE/plugins/com.st.stm32cube.ide.mcu.externaltools.gnu-tools-for-stm32.13.3.rel1.win32_1.0.100.202509120712/tools/bin/../lib/gcc/arm-none-eabi/13.3.1/../../../../arm-none-eabi/lib/thumb/v7-m/nofp\libc_nano.a(libc_a-stdio.o) (_close_r)
C:/ST/STM32CubeIDE_2.0.0/STM32CubeIDE/plugins/com.st.stm32cube.ide.mcu.externaltools.gnu-tools-for-stm32.13.3.rel1.win32_1.0.100.202509120712/tools/bin/../lib/gcc/arm-none-eabi/13.3.1/../../../../arm-none-eabi/lib/thumb/v7-m/nofp\libc_nano.a(libc_a-reent.o)
                              C:/ST/STM32CubeIDE_2.0.0/STM32CubeIDE/plugins/com.st.stm32cube.ide.mcu.externaltools.gnu-tools-for-stm32.13.3.rel1.win32_1.0.100.202509120712/tools/bin/../lib/gcc/arm-none-eabi/13.3.1/../../../../arm-none-eabi/lib/thumb/v7-m/nofp\libc_nano.a(libc_a-closer.o) (errno)
C:/ST/STM32CubeIDE_2.0.0/STM32CubeIDE/plugins/com.st.stm32cube.ide.mcu.externaltools.gnu-tools-for-stm32.13.3.rel1.win32_1.0.100.202509120712/tools/bin/../lib/gcc/arm-none-eabi/13.3.1/../../../../arm-none-eabi/lib/thumb/v7-m/nofp\libc_nano.a(libc_a-impure.o)
                              C:/ST/STM32CubeIDE_2.0.0/STM32CubeIDE/plugins/com.st.stm32cube.ide.mcu.externaltools.gnu-tools-for-stm32.13.3.rel1.win32_1.0.100.202509120712/tools/bin/../lib/gcc/arm-none-eabi/13.3.1/../../../../arm-none-eabi/lib/thumb/v7-m/nofp\libc_nano.a(libc_a-reent.o) (_impure_ptr)
C:/ST/STM32CubeIDE_2.0.0/STM32CubeIDE/plugins/com.st.stm32cube.ide.mcu.externaltools.gnu-tools-for-stm32.13.3.rel1.win32_1.0.100.202509120712/tools/bin/../lib/gcc/arm-none-eabi/13.3.1/../../../../arm-none-eabi/lib/thumb/v7-m/nofp\libc_nano.a(libc_a-lseekr.o)
[...]
Memory Configuration

Name             Origin             Length             Attributes
RAM              0x20000000         0x00005000         xrw
FLASH            0x08000000         0x00010000         xr
*default*        0x00000000         0xffffffff

Linker script and memory map

LOAD C:/ST/STM32CubeIDE_2.0.0/STM32CubeIDE/plugins/com.st.stm32cube.ide.mcu.externaltools.gnu-tools-for-stm32.13.3.rel1.win32_1.0.100.202509120712/tools/bin/../lib/gcc/arm-none-eabi/13.3.1/thumb/v7-m/nofp/crti.o
LOAD C:/ST/STM32CubeIDE_2.0.0/STM32CubeIDE/plugins/com.st.stm32cube.ide.mcu.externaltools.gnu-tools-for-stm32.13.3.rel1.win32_1.0.100.202509120712/tools/bin/../lib/gcc/arm-none-eabi/13.3.1/thumb/v7-m/nofp/crtbegin.o
LOAD C:/ST/STM32CubeIDE_2.0.0/STM32CubeIDE/plugins/com.st.stm32cube.ide.mcu.externaltools.gnu-tools-for-stm32.13.3.rel1.win32_1.0.100.202509120712/tools/bin/../lib/gcc/arm-none-eabi/13.3.1/../../../../arm-none-eabi/lib/thumb/v7-m/nofp/crt0.o
LOAD ./src/ap/ap.o
LOAD ./src/bsp/bsp.o
LOAD ./src/bsp/stm32f1xx_hal_msp.o
LOAD ./src/bsp/stm32f1xx_it.o
LOAD ./src/bsp/syscalls.o
LOAD ./src/bsp/sysmem.o
LOAD ./src/bsp/system_stm32f1xx.o
LOAD ./src/bsp/startup/startup_stm32f103rbtx.o
LOAD ./src/hw/driver/led.o
LOAD ./src/hw/hw.o
LOAD ./src/lib/cube_f103/Drivers/STM32F1xx_HAL_Driver/Src/stm32f1xx_hal.o
LOAD ./src/lib/cube_f103/Drivers/STM32F1xx_HAL_Driver/Src/stm32f1xx_hal_cortex.o
LOAD ./src/lib/cube_f103/Drivers/STM32F1xx_HAL_Driver/Src/stm32f1xx_hal_dma.o
LOAD ./src/lib/cube_f103/Drivers/STM32F1xx_HAL_Driver/Src/stm32f1xx_hal_exti.o
LOAD ./src/lib/cube_f103/Drivers/STM32F1xx_HAL_Driver/Src/stm32f1xx_hal_flash.o
LOAD ./src/lib/cube_f103/Drivers/STM32F1xx_HAL_Driver/Src/stm32f1xx_hal_flash_ex.o
LOAD ./src/lib/cube_f103/Drivers/STM32F1xx_HAL_Driver/Src/stm32f1xx_hal_gpio.o
LOAD ./src/lib/cube_f103/Drivers/STM32F1xx_HAL_Driver/Src/stm32f1xx_hal_gpio_ex.o
LOAD ./src/lib/cube_f103/Drivers/STM32F1xx_HAL_Driver/Src/stm32f1xx_hal_pcd.o
LOAD ./src/lib/cube_f103/Drivers/STM32F1xx_HAL_Driver/Src/stm32f1xx_hal_pcd_ex.o
LOAD ./src/lib/cube_f103/Drivers/STM32F1xx_HAL_Driver/Src/stm32f1xx_hal_pwr.o
LOAD ./src/lib/cube_f103/Drivers/STM32F1xx_HAL_Driver/Src/stm32f1xx_hal_rcc.o
LOAD ./src/lib/cube_f103/Drivers/STM32F1xx_HAL_Driver/Src/stm32f1xx_hal_rcc_ex.o
LOAD ./src/lib/cube_f103/Drivers/STM32F1xx_HAL_Driver/Src/stm32f1xx_ll_usb.o
LOAD ./src/lib/cube_f103/Middlewares/ST/STM32_USB_Device_Library/Class/CDC/Src/usbd_cdc.o
LOAD ./src/lib/cube_f103/Middlewares/ST/STM32_USB_Device_Library/Core/Src/usbd_core.o
LOAD ./src/lib/cube_f103/Middlewares/ST/STM32_USB_Device_Library/Core/Src/usbd_ctlreq.o
LOAD ./src/lib/cube_f103/Middlewares/ST/STM32_USB_Device_Library/Core/Src/usbd_ioreq.o
LOAD ./src/lib/cube_f103/USB_DEVICE/App/usb_device.o
LOAD ./src/lib/cube_f103/USB_DEVICE/App/usbd_cdc_if.o
LOAD ./src/lib/cube_f103/USB_DEVICE/App/usbd_desc.o
LOAD ./src/lib/cube_f103/USB_DEVICE/Target/usbd_conf.o
LOAD ./src/main.o
START GROUP
LOAD C:/ST/STM32CubeIDE_2.0.0/STM32CubeIDE/plugins/com.st.stm32cube.ide.mcu.externaltools.gnu-tools-for-stm32.13.3.rel1.win32_1.0.100.202509120712/tools/bin/../lib/gcc/arm-none-eabi/13.3.1/../../../../arm-none-eabi/lib/thumb/v7-m/nofp\libc_nano.a
LOAD C:/ST/STM32CubeIDE_2.0.0/STM32CubeIDE/plugins/com.st.stm32cube.ide.mcu.externaltools.gnu-tools-for-stm32.13.3.rel1.win32_1.0.100.202509120712/tools/bin/../lib/gcc/arm-none-eabi/13.3.1/../../../../arm-none-eabi/lib/thumb/v7-m/nofp\libm.a
END GROUP
START GROUP
LOAD C:/ST/STM32CubeIDE_2.0.0/STM32CubeIDE/plugins/com.st.stm32cube.ide.mcu.externaltools.gnu-tools-for-stm32.13.3.rel1.win32_1.0.100.202509120712/tools/bin/../lib/gcc/arm-none-eabi/13.3.1/thumb/v7-m/nofp\libgcc.a
LOAD C:/ST/STM32CubeIDE_2.0.0/STM32CubeIDE/plugins/com.st.stm32cube.ide.mcu.externaltools.gnu-tools-for-stm32.13.3.rel1.win32_1.0.100.202509120712/tools/bin/../lib/gcc/arm-none-eabi/13.3.1/../../../../arm-none-eabi/lib/thumb/v7-m/nofp\libc_nano.a
END GROUP
START GROUP
LOAD C:/ST/STM32CubeIDE_2.0.0/STM32CubeIDE/plugins/com.st.stm32cube.ide.mcu.externaltools.gnu-tools-for-stm32.13.3.rel1.win32_1.0.100.202509120712/tools/bin/../lib/gcc/arm-none-eabi/13.3.1/thumb/v7-m/nofp\libgcc.a
LOAD C:/ST/STM32CubeIDE_2.0.0/STM32CubeIDE/plugins/com.st.stm32cube.ide.mcu.externaltools.gnu-tools-for-stm32.13.3.rel1.win32_1.0.100.202509120712/tools/bin/../lib/gcc/arm-none-eabi/13.3.1/../../../../arm-none-eabi/lib/thumb/v7-m/nofp\libc_nano.a
LOAD C:/ST/STM32CubeIDE_2.0.0/STM32CubeIDE/plugins/com.st.stm32cube.ide.mcu.externaltools.gnu-tools-for-stm32.13.3.rel1.win32_1.0.100.202509120712/tools/bin/../lib/gcc/arm-none-eabi/13.3.1/../../../../arm-none-eabi/lib/thumb/v7-m/nofp\libnosys.a
END GROUP
START GROUP
LOAD C:/ST/STM32CubeIDE_2.0.0/STM32CubeIDE/plugins/com.st.stm32cube.ide.mcu.externaltools.gnu-tools-for-stm32.13.3.rel1.win32_1.0.100.202509120712/tools/bin/../lib/gcc/arm-none-eabi/13.3.1/thumb/v7-m/nofp\libgcc.a
LOAD C:/ST/STM32CubeIDE_2.0.0/STM32CubeIDE/plugins/com.st.stm32cube.ide.mcu.externaltools.gnu-tools-for-stm32.13.3.rel1.win32_1.0.100.202509120712/tools/bin/../lib/gcc/arm-none-eabi/13.3.1/../../../../arm-none-eabi/lib/thumb/v7-m/nofp\libc_nano.a
LOAD C:/ST/STM32CubeIDE_2.0.0/STM32CubeIDE/plugins/com.st.stm32cube.ide.mcu.externaltools.gnu-tools-for-stm32.13.3.rel1.win32_1.0.100.202509120712/tools/bin/../lib/gcc/arm-none-eabi/13.3.1/../../../../arm-none-eabi/lib/thumb/v7-m/nofp\libnosys.a
END GROUP
LOAD C:/ST/STM32CubeIDE_2.0.0/STM32CubeIDE/plugins/com.st.stm32cube.ide.mcu.externaltools.gnu-tools-for-stm32.13.3.rel1.win32_1.0.100.202509120712/tools/bin/../lib/gcc/arm-none-eabi/13.3.1/thumb/v7-m/nofp/crtend.o
LOAD C:/ST/STM32CubeIDE_2.0.0/STM32CubeIDE/plugins/com.st.stm32cube.ide.mcu.externaltools.gnu-tools-for-stm32.13.3.rel1.win32_1.0.100.202509120712/tools/bin/../lib/gcc/arm-none-eabi/13.3.1/thumb/v7-m/nofp/crtn.o
                0x20005000                        _estack = (ORIGIN (RAM) + LENGTH (RAM))
                0x00000200                        _Min_Heap_Size = 0x200
                0x00000400                        _Min_Stack_Size = 0x400

.isr_vector     0x08000000      0x10c
                0x08000000                        . = ALIGN (0x4)
 *(.isr_vector)
 .isr_vector    0x08000000      0x10c ./src/bsp/startup/startup_stm32f103rbtx.o
                0x08000000                g_pfnVectors
                0x0800010c                        . = ALIGN (0x4)

.text           0x0800010c     0x31e0
                0x0800010c                        . = ALIGN (0x4)
 *(.text)
 .text          0x0800010c       0x40 C:/ST/STM32CubeIDE_2.0.0/STM32CubeIDE/plugins/com.st.stm32cube.ide.mcu.externaltools.gnu-tools-for-stm32.13.3.rel1.win32_1.0.100.202509120712/tools/bin/../lib/gcc/arm-none-eabi/13.3.1/thumb/v7-m/nofp/crtbegin.o
 .text          0x0800014c       0x10 C:/ST/STM32CubeIDE_2.0.0/STM32CubeIDE/plugins/com.st.stm32cube.ide.mcu.externaltools.gnu-tools-for-stm32.13.3.rel1.win32_1.0.100.202509120712/tools/bin/../lib/gcc/arm-none-eabi/13.3.1/../../../../arm-none-eabi/lib/thumb/v7-m/nofp\libc_nano.a(libc_a-strlen.o)
                0x0800014c                strlen
 *(.text*)
 .text.apInit   0x0800015c       0x58 ./src/ap/ap.o
                0x0800015c                apInit
 .text.apMain   0x080001b4       0x12 ./src/ap/ap.o
                0x080001b4                apMain
 .text.delay    0x080001c6        0x2 ./src/bsp/bsp.o
                0x080001c6                delay
 .text.SystemClock_Config
                0x080001c8       0x7c ./src/bsp/bsp.o
                0x080001c8                SystemClock_Config
 .text.bspInit  0x08000244       0x90 ./src/bsp/bsp.o
                0x08000244                bspInit
 .text.Error_Handler
                0x080002d4        0x4 ./src/bsp/bsp.o
                0x080002d4                Error_Handler
 .text.HAL_MspInit
                0x080002d8       0x44 ./src/bsp/stm32f1xx_hal_msp.o
                0x080002d8                HAL_MspInit
 .text.NMI_Handler
                0x0800031c        0x2 ./src/bsp/stm32f1xx_it.o
                0x0800031c                NMI_Handler
 .text.HardFault_Handler
                0x0800031e        0x2 ./src/bsp/stm32f1xx_it.o
                0x0800031e                HardFault_Handler
 .text.MemManage_Handler
                0x08000320        0x2 ./src/bsp/stm32f1xx_it.o
                0x08000320                MemManage_Handler
 .text.BusFault_Handler
                0x08000322        0x2 ./src/bsp/stm32f1xx_it.o
                0x08000322                BusFault_Handler
 .text.UsageFault_Handler
                0x08000324        0x2 ./src/bsp/stm32f1xx_it.o
                0x08000324                UsageFault_Handler
 .text.SVC_Handler
                0x08000326        0x2 ./src/bsp/stm32f1xx_it.o
                0x08000326                SVC_Handler
 .text.DebugMon_Handler
                0x08000328        0x2 ./src/bsp/stm32f1xx_it.o
                0x08000328                DebugMon_Handler
 .text.PendSV_Handler
                0x0800032a        0x2 ./src/bsp/stm32f1xx_it.o
                0x0800032a                PendSV_Handler
 .text.SysTick_Handler
                0x0800032c        0x4 ./src/bsp/stm32f1xx_it.o
                0x0800032c                SysTick_Handler
 .text.USB_LP_CAN1_RX0_IRQHandler
                0x08000330        0xc ./src/bsp/stm32f1xx_it.o
                0x08000330                USB_LP_CAN1_RX0_IRQHandler
 .text.SystemInit
                0x0800033c        0x2 ./src/bsp/system_stm32f1xx.o
                0x0800033c                SystemInit
 *fill*         0x0800033e        0x2 
 .text.Reset_Handler
                0x08000340       0x48 ./src/bsp/startup/startup_stm32f103rbtx.o
                0x08000340                Reset_Handler
 .text.Default_Handler
                0x08000388        0x2 ./src/bsp/startup/startup_stm32f103rbtx.o
                0x08000388                RTC_Alarm_IRQHandler
                0x08000388                EXTI2_IRQHandler
                0x08000388                TIM1_CC_IRQHandler
                0x08000388                PVD_IRQHandler
                0x08000388                EXTI3_IRQHandler
                0x08000388                EXTI0_IRQHandler
                0x08000388                I2C2_EV_IRQHandler
                0x08000388                ADC1_2_IRQHandler
                0x08000388                SPI1_IRQHandler
                0x08000388                TAMPER_IRQHandler
                0x08000388                DMA1_Channel4_IRQHandler
                0x08000388                USART3_IRQHandler
                0x08000388                RTC_IRQHandler
                0x08000388                DMA1_Channel7_IRQHandler
                0x08000388                CAN1_RX1_IRQHandler
                0x08000388                TIM4_IRQHandler
                0x08000388                I2C1_EV_IRQHandler
                0x08000388                DMA1_Channel6_IRQHandler
                0x08000388                TIM3_IRQHandler
                0x08000388                RCC_IRQHandler
                0x08000388                TIM1_TRG_COM_IRQHandler
                0x08000388                DMA1_Channel1_IRQHandler
                0x08000388                Default_Handler
                0x08000388                EXTI15_10_IRQHandler
                0x08000388                EXTI9_5_IRQHandler
                0x08000388                SPI2_IRQHandler
                0x08000388                DMA1_Channel5_IRQHandler
                0x08000388                EXTI4_IRQHandler
                0x08000388                USB_HP_CAN1_TX_IRQHandler
                0x08000388                DMA1_Channel3_IRQHandler
                0x08000388                TIM1_UP_IRQHandler
                0x08000388                WWDG_IRQHandler
                0x08000388                TIM2_IRQHandler
                0x08000388                TIM1_BRK_IRQHandler
                0x08000388                EXTI1_IRQHandler
                0x08000388                USART2_IRQHandler
                0x08000388                I2C2_ER_IRQHandler
                0x08000388                DMA1_Channel2_IRQHandler
                0x08000388                CAN1_SCE_IRQHandler
                0x08000388                FLASH_IRQHandler
                0x08000388                USART1_IRQHandler
                0x08000388                I2C1_ER_IRQHandler
                0x08000388                USBWakeUp_IRQHandler
 *fill*         0x0800038a        0x2 
 .text.ledOff.part.0
                0x0800038c       0x10 ./src/hw/driver/led.o
 .text.ledInit  0x0800039c       0x48 ./src/hw/driver/led.o
                0x0800039c                ledInit
 .text.ledToggle
                0x080003e4       0x14 ./src/hw/driver/led.o
                0x080003e4                ledToggle
 .text.hwInit   0x080003f8        0xe ./src/hw/hw.o
                0x080003f8                hwInit
 *fill*         0x08000406        0x2 
 .text.HAL_InitTick
                0x08000408       0x48 ./src/lib/cube_f103/Drivers/STM32F1xx_HAL_Driver/Src/stm32f1xx_hal.o
                0x08000408                HAL_InitTick
 .text.HAL_Init
                0x08000450       0x24 ./src/lib/cube_f103/Drivers/STM32F1xx_HAL_Driver/Src/stm32f1xx_hal.o
                0x08000450                HAL_Init
 .text.HAL_IncTick
                0x08000474       0x18 ./src/lib/cube_f103/Drivers/STM32F1xx_HAL_Driver/Src/stm32f1xx_hal.o
                0x08000474                HAL_IncTick
 .text.HAL_GetTick
                0x0800048c        0xc ./src/lib/cube_f103/Drivers/STM32F1xx_HAL_Driver/Src/stm32f1xx_hal.o
                0x0800048c                HAL_GetTick
 .text.HAL_Delay
                0x08000498       0x24 ./src/lib/cube_f103/Drivers/STM32F1xx_HAL_Driver/Src/stm32f1xx_hal.o
                0x08000498                HAL_Delay
 .text.HAL_NVIC_SetPriorityGrouping
                0x080004bc       0x24 ./src/lib/cube_f103/Drivers/STM32F1xx_HAL_Driver/Src/stm32f1xx_hal_cortex.o
                0x080004bc                HAL_NVIC_SetPriorityGrouping
 .text.HAL_NVIC_SetPriority
                0x080004e0       0x60 ./src/lib/cube_f103/Drivers/STM32F1xx_HAL_Driver/Src/stm32f1xx_hal_cortex.o
                0x080004e0                HAL_NVIC_SetPriority
 .text.HAL_NVIC_EnableIRQ
                0x08000540       0x1c ./src/lib/cube_f103/Drivers/STM32F1xx_HAL_Driver/Src/stm32f1xx_hal_cortex.o
                0x08000540                HAL_NVIC_EnableIRQ
 .text.HAL_SYSTICK_Config
                0x0800055c       0x28 ./src/lib/cube_f103/Drivers/STM32F1xx_HAL_Driver/Src/stm32f1xx_hal_cortex.o
                0x0800055c                HAL_SYSTICK_Config
 .text.HAL_GPIO_Init
                0x08000584      0x1a8 ./src/lib/cube_f103/Drivers/STM32F1xx_HAL_Driver/Src/stm32f1xx_hal_gpio.o
                0x08000584                HAL_GPIO_Init
 .text.HAL_GPIO_WritePin
                0x0800072c        0xa ./src/lib/cube_f103/Drivers/STM32F1xx_HAL_Driver/Src/stm32f1xx_hal_gpio.o
                0x0800072c                HAL_GPIO_WritePin
 .text.HAL_GPIO_TogglePin
                0x08000736       0x12 ./src/lib/cube_f103/Drivers/STM32F1xx_HAL_Driver/Src/stm32f1xx_hal_gpio.o
                0x08000736                HAL_GPIO_TogglePin
 .text.HAL_PCD_Init
                0x08000748       0xc6 ./src/lib/cube_f103/Drivers/STM32F1xx_HAL_Driver/Src/stm32f1xx_hal_pcd.o
                0x08000748                HAL_PCD_Init
 .text.HAL_PCD_Start
                0x0800080e       0x32 ./src/lib/cube_f103/Drivers/STM32F1xx_HAL_Driver/Src/stm32f1xx_hal_pcd.o
                0x0800080e                HAL_PCD_Start
 .text.HAL_PCD_SetAddress
                0x08000840       0x26 ./src/lib/cube_f103/Drivers/STM32F1xx_HAL_Driver/Src/stm32f1xx_hal_pcd.o
                0x08000840                HAL_PCD_SetAddress
 *fill*         0x08000866        0x2 
 .text.HAL_PCD_IRQHandler
                0x08000868      0xa08 ./src/lib/cube_f103/Drivers/STM32F1xx_HAL_Driver/Src/stm32f1xx_hal_pcd.o
                0x08000868                HAL_PCD_IRQHandler
 .text.HAL_PCD_EP_Open
                0x08001270       0x60 ./src/lib/cube_f103/Drivers/STM32F1xx_HAL_Driver/Src/stm32f1xx_hal_pcd.o
                0x08001270                HAL_PCD_EP_Open
 .text.HAL_PCD_EP_Close
                0x080012d0       0x50 ./src/lib/cube_f103/Drivers/STM32F1xx_HAL_Driver/Src/stm32f1xx_hal_pcd.o
                0x080012d0                HAL_PCD_EP_Close
 .text.HAL_PCD_EP_Receive
                0x08001320       0x2e ./src/lib/cube_f103/Drivers/STM32F1xx_HAL_Driver/Src/stm32f1xx_hal_pcd.o
                0x08001320                HAL_PCD_EP_Receive
 .text.HAL_PCD_EP_GetRxCount
                0x0800134e       0x10 ./src/lib/cube_f103/Drivers/STM32F1xx_HAL_Driver/Src/stm32f1xx_hal_pcd.o
                0x0800134e                HAL_PCD_EP_GetRxCount
 .text.HAL_PCD_EP_Transmit
                0x0800135e       0x30 ./src/lib/cube_f103/Drivers/STM32F1xx_HAL_Driver/Src/stm32f1xx_hal_pcd.o
                0x0800135e                HAL_PCD_EP_Transmit
 .text.HAL_PCD_EP_SetStall
                0x0800138e       0x6c ./src/lib/cube_f103/Drivers/STM32F1xx_HAL_Driver/Src/stm32f1xx_hal_pcd.o
                0x0800138e                HAL_PCD_EP_SetStall
 .text.HAL_PCD_EP_ClrStall
                0x080013fa       0x64 ./src/lib/cube_f103/Drivers/STM32F1xx_HAL_Driver/Src/stm32f1xx_hal_pcd.o
                0x080013fa                HAL_PCD_EP_ClrStall
 .text.HAL_PCDEx_PMAConfig
                0x0800145e       0x32 ./src/lib/cube_f103/Drivers/STM32F1xx_HAL_Driver/Src/stm32f1xx_hal_pcd_ex.o
                0x0800145e                HAL_PCDEx_PMAConfig
 .text.HAL_RCC_OscConfig
                0x08001490      0x338 ./src/lib/cube_f103/Drivers/STM32F1xx_HAL_Driver/Src/stm32f1xx_hal_rcc.o
                0x08001490                HAL_RCC_OscConfig
 .text.HAL_RCC_GetSysClockFreq
                0x080017c8       0x4c ./src/lib/cube_f103/Drivers/STM32F1xx_HAL_Driver/Src/stm32f1xx_hal_rcc.o
                0x080017c8                HAL_RCC_GetSysClockFreq
 .text.HAL_RCC_ClockConfig
                0x08001814      0x138 ./src/lib/cube_f103/Drivers/STM32F1xx_HAL_Driver/Src/stm32f1xx_hal_rcc.o
                0x08001814                HAL_RCC_ClockConfig
 .text.HAL_RCCEx_PeriphCLKConfig
                0x0800194c       0xf4 ./src/lib/cube_f103/Drivers/STM32F1xx_HAL_Driver/Src/stm32f1xx_hal_rcc_ex.o
                0x0800194c                HAL_RCCEx_PeriphCLKConfig
 .text.USB_CoreInit
                0x08001a40        0xe ./src/lib/cube_f103/Drivers/STM32F1xx_HAL_Driver/Src/stm32f1xx_ll_usb.o
                0x08001a40                USB_CoreInit
 .text.USB_EnableGlobalInt
                0x08001a4e       0x12 ./src/lib/cube_f103/Drivers/STM32F1xx_HAL_Driver/Src/stm32f1xx_ll_usb.o
                0x08001a4e                USB_EnableGlobalInt
 .text.USB_DisableGlobalInt
                0x08001a60       0x14 ./src/lib/cube_f103/Drivers/STM32F1xx_HAL_Driver/Src/stm32f1xx_ll_usb.o
                0x08001a60                USB_DisableGlobalInt
 .text.USB_SetCurrentMode
                0x08001a74        0x4 ./src/lib/cube_f103/Drivers/STM32F1xx_HAL_Driver/Src/stm32f1xx_ll_usb.o
                0x08001a74                USB_SetCurrentMode
 .text.USB_DevInit
                0x08001a78       0x22 ./src/lib/cube_f103/Drivers/STM32F1xx_HAL_Driver/Src/stm32f1xx_ll_usb.o
                0x08001a78                USB_DevInit
 *fill*         0x08001a9a        0x2 
 .text.USB_ActivateEndpoint
                0x08001a9c      0x2c0 ./src/lib/cube_f103/Drivers/STM32F1xx_HAL_Driver/Src/stm32f1xx_ll_usb.o
                0x08001a9c                USB_ActivateEndpoint
 .text.USB_DeactivateEndpoint
                0x08001d5c      0x1a6 ./src/lib/cube_f103/Drivers/STM32F1xx_HAL_Driver/Src/stm32f1xx_ll_usb.o
                0x08001d5c                USB_DeactivateEndpoint
 .text.USB_EPSetStall
                0x08001f02       0x40 ./src/lib/cube_f103/Drivers/STM32F1xx_HAL_Driver/Src/stm32f1xx_ll_usb.o
                0x08001f02                USB_EPSetStall
 .text.USB_EPClearStall
                0x08001f42       0x92 ./src/lib/cube_f103/Drivers/STM32F1xx_HAL_Driver/Src/stm32f1xx_ll_usb.o
                0x08001f42                USB_EPClearStall
 .text.USB_SetDevAddress
                0x08001fd4        0xc ./src/lib/cube_f103/Drivers/STM32F1xx_HAL_Driver/Src/stm32f1xx_ll_usb.o
                0x08001fd4                USB_SetDevAddress
 .text.USB_DevConnect
                0x08001fe0        0x4 ./src/lib/cube_f103/Drivers/STM32F1xx_HAL_Driver/Src/stm32f1xx_ll_usb.o
                0x08001fe0                USB_DevConnect
 .text.USB_DevDisconnect
                0x08001fe4        0x4 ./src/lib/cube_f103/Drivers/STM32F1xx_HAL_Driver/Src/stm32f1xx_ll_usb.o
                0x08001fe4                USB_DevDisconnect
 .text.USB_ReadInterrupts
                0x08001fe8        0x8 ./src/lib/cube_f103/Drivers/STM32F1xx_HAL_Driver/Src/stm32f1xx_ll_usb.o
                0x08001fe8                USB_ReadInterrupts
 .text.USB_EP0_OutStart
                0x08001ff0        0x4 ./src/lib/cube_f103/Drivers/STM32F1xx_HAL_Driver/Src/stm32f1xx_ll_usb.o
                0x08001ff0                USB_EP0_OutStart
 .text.USB_WritePMA
                0x08001ff4       0x20 ./src/lib/cube_f103/Drivers/STM32F1xx_HAL_Driver/Src/stm32f1xx_ll_usb.o
                0x08001ff4                USB_WritePMA
 .text.USB_EPStartXfer
                0x08002014      0x46a ./src/lib/cube_f103/Drivers/STM32F1xx_HAL_Driver/Src/stm32f1xx_ll_usb.o
                0x08002014                USB_EPStartXfer
 .text.USB_ReadPMA
                0x0800247e       0x38 ./src/lib/cube_f103/Drivers/STM32F1xx_HAL_Driver/Src/stm32f1xx_ll_usb.o
                0x0800247e                USB_ReadPMA
 .text.USBD_CDC_EP0_RxReady
                0x080024b6       0x28 ./src/lib/cube_f103/Middlewares/ST/STM32_USB_Device_Library/Class/CDC/Src/usbd_cdc.o
 *fill*         0x080024de        0x2 
 .text.USBD_CDC_GetFSCfgDesc
                0x080024e0        0xc ./src/lib/cube_f103/Middlewares/ST/STM32_USB_Device_Library/Class/CDC/Src/usbd_cdc.o
 .text.USBD_CDC_GetHSCfgDesc
                0x080024ec        0xc ./src/lib/cube_f103/Middlewares/ST/STM32_USB_Device_Library/Class/CDC/Src/usbd_cdc.o
 .text.USBD_CDC_GetOtherSpeedCfgDesc
                0x080024f8        0xc ./src/lib/cube_f103/Middlewares/ST/STM32_USB_Device_Library/Class/CDC/Src/usbd_cdc.o
 .text.USBD_CDC_GetDeviceQualifierDescriptor
                0x08002504        0xc ./src/lib/cube_f103/Middlewares/ST/STM32_USB_Device_Library/Class/CDC/Src/usbd_cdc.o
                0x08002504                USBD_CDC_GetDeviceQualifierDescriptor
 .text.USBD_CDC_DataOut
                0x08002510       0x2e ./src/lib/cube_f103/Middlewares/ST/STM32_USB_Device_Library/Class/CDC/Src/usbd_cdc.o
 .text.USBD_CDC_DataIn
                0x0800253e       0x40 ./src/lib/cube_f103/Middlewares/ST/STM32_USB_Device_Library/Class/CDC/Src/usbd_cdc.o
 .text.USBD_CDC_Setup
                0x0800257e       0xa2 ./src/lib/cube_f103/Middlewares/ST/STM32_USB_Device_Library/Class/CDC/Src/usbd_cdc.o
 .text.USBD_CDC_DeInit
                0x08002620       0x42 ./src/lib/cube_f103/Middlewares/ST/STM32_USB_Device_Library/Class/CDC/Src/usbd_cdc.o
 .text.USBD_CDC_Init
                0x08002662       0x8c ./src/lib/cube_f103/Middlewares/ST/STM32_USB_Device_Library/Class/CDC/Src/usbd_cdc.o
 .text.USBD_CDC_RegisterInterface
                0x080026ee        0xe ./src/lib/cube_f103/Middlewares/ST/STM32_USB_Device_Library/Class/CDC/Src/usbd_cdc.o
                0x080026ee                USBD_CDC_RegisterInterface
 .text.USBD_CDC_SetTxBuffer
                0x080026fc       0x10 ./src/lib/cube_f103/Middlewares/ST/STM32_USB_Device_Library/Class/CDC/Src/usbd_cdc.o
                0x080026fc                USBD_CDC_SetTxBuffer
 .text.USBD_CDC_SetRxBuffer
                0x0800270c        0xc ./src/lib/cube_f103/Middlewares/ST/STM32_USB_Device_Library/Class/CDC/Src/usbd_cdc.o
                0x0800270c                USBD_CDC_SetRxBuffer
 .text.USBD_CDC_ReceivePacket
                0x08002718       0x26 ./src/lib/cube_f103/Middlewares/ST/STM32_USB_Device_Library/Class/CDC/Src/usbd_cdc.o
                0x08002718                USBD_CDC_ReceivePacket
 .text.USBD_Init
                0x0800273e       0x2a ./src/lib/cube_f103/Middlewares/ST/STM32_USB_Device_Library/Core/Src/usbd_core.o
                0x0800273e                USBD_Init
 .text.USBD_RegisterClass
                0x08002768        0xe ./src/lib/cube_f103/Middlewares/ST/STM32_USB_Device_Library/Core/Src/usbd_core.o
                0x08002768                USBD_RegisterClass
 .text.USBD_Start
                0x08002776        0xa ./src/lib/cube_f103/Middlewares/ST/STM32_USB_Device_Library/Core/Src/usbd_core.o
                0x08002776                USBD_Start
 .text.USBD_SetClassConfig
                0x08002780       0x1a ./src/lib/cube_f103/Middlewares/ST/STM32_USB_Device_Library/Core/Src/usbd_core.o
                0x08002780                USBD_SetClassConfig
 .text.USBD_ClrClassConfig
                0x0800279a        0xe ./src/lib/cube_f103/Middlewares/ST/STM32_USB_Device_Library/Core/Src/usbd_core.o
                0x0800279a                USBD_ClrClassConfig
 .text.USBD_LL_SetupStage
                0x080027a8       0x5a ./src/lib/cube_f103/Middlewares/ST/STM32_USB_Device_Library/Core/Src/usbd_core.o
                0x080027a8                USBD_LL_SetupStage
 .text.USBD_LL_DataOutStage
                0x08002802       0x70 ./src/lib/cube_f103/Middlewares/ST/STM32_USB_Device_Library/Core/Src/usbd_core.o
                0x08002802                USBD_LL_DataOutStage
 .text.USBD_LL_DataInStage
                0x08002872       0xb8 ./src/lib/cube_f103/Middlewares/ST/STM32_USB_Device_Library/Core/Src/usbd_core.o
                0x08002872                USBD_LL_DataInStage
 .text.USBD_LL_Reset
                0x0800292a       0x4e ./src/lib/cube_f103/Middlewares/ST/STM32_USB_Device_Library/Core/Src/usbd_core.o
                0x0800292a                USBD_LL_Reset
 .text.USBD_LL_SetSpeed
                0x08002978        0x6 ./src/lib/cube_f103/Middlewares/ST/STM32_USB_Device_Library/Core/Src/usbd_core.o
                0x08002978                USBD_LL_SetSpeed
 .text.USBD_LL_Suspend
                0x0800297e       0x12 ./src/lib/cube_f103/Middlewares/ST/STM32_USB_Device_Library/Core/Src/usbd_core.o
                0x0800297e                USBD_LL_Suspend
 .text.USBD_LL_Resume
                0x08002990       0x14 ./src/lib/cube_f103/Middlewares/ST/STM32_USB_Device_Library/Core/Src/usbd_core.o
                0x08002990                USBD_LL_Resume
 .text.USBD_LL_SOF
                0x080029a4       0x18 ./src/lib/cube_f103/Middlewares/ST/STM32_USB_Device_Library/Core/Src/usbd_core.o
                0x080029a4                USBD_LL_SOF
 .text.USBD_CtlError.constprop.0
                0x080029bc       0x16 ./src/lib/cube_f103/Middlewares/ST/STM32_USB_Device_Library/Core/Src/usbd_ctlreq.o
 *fill*         0x080029d2        0x2 
 .text.USBD_StdDevReq
                0x080029d4      0x290 ./src/lib/cube_f103/Middlewares/ST/STM32_USB_Device_Library/Core/Src/usbd_ctlreq.o
                0x080029d4                USBD_StdDevReq
 .text.USBD_StdItfReq
                0x08002c64       0x48 ./src/lib/cube_f103/Middlewares/ST/STM32_USB_Device_Library/Core/Src/usbd_ctlreq.o
                0x08002c64                USBD_StdItfReq
 .text.USBD_StdEPReq
                0x08002cac      0x118 ./src/lib/cube_f103/Middlewares/ST/STM32_USB_Device_Library/Core/Src/usbd_ctlreq.o
                0x08002cac                USBD_StdEPReq
 .text.USBD_ParseSetupRequest
                0x08002dc4       0x16 ./src/lib/cube_f103/Middlewares/ST/STM32_USB_Device_Library/Core/Src/usbd_ctlreq.o
                0x08002dc4                USBD_ParseSetupRequest
 .text.USBD_CtlError
                0x08002dda       0x16 ./src/lib/cube_f103/Middlewares/ST/STM32_USB_Device_Library/Core/Src/usbd_ctlreq.o
                0x08002dda                USBD_CtlError
 .text.USBD_GetString
                0x08002df0       0x38 ./src/lib/cube_f103/Middlewares/ST/STM32_USB_Device_Library/Core/Src/usbd_ctlreq.o
                0x08002df0                USBD_GetString
 .text.USBD_CtlSendData
                0x08002e28       0x1a ./src/lib/cube_f103/Middlewares/ST/STM32_USB_Device_Library/Core/Src/usbd_ioreq.o
                0x08002e28                USBD_CtlSendData
 .text.USBD_CtlContinueSendData
                0x08002e42       0x10 ./src/lib/cube_f103/Middlewares/ST/STM32_USB_Device_Library/Core/Src/usbd_ioreq.o
                0x08002e42                USBD_CtlContinueSendData
 .text.USBD_CtlPrepareRx
                0x08002e52       0x1a ./src/lib/cube_f103/Middlewares/ST/STM32_USB_Device_Library/Core/Src/usbd_ioreq.o
                0x08002e52                USBD_CtlPrepareRx
 .text.USBD_CtlContinueRx
                0x08002e6c       0x10 ./src/lib/cube_f103/Middlewares/ST/STM32_USB_Device_Library/Core/Src/usbd_ioreq.o
                0x08002e6c                USBD_CtlContinueRx
 .text.USBD_CtlSendStatus
                0x08002e7c       0x16 ./src/lib/cube_f103/Middlewares/ST/STM32_USB_Device_Library/Core/Src/usbd_ioreq.o
                0x08002e7c                USBD_CtlSendStatus
 .text.USBD_CtlReceiveStatus
                0x08002e92       0x16 ./src/lib/cube_f103/Middlewares/ST/STM32_USB_Device_Library/Core/Src/usbd_ioreq.o
                0x08002e92                USBD_CtlReceiveStatus
 .text.MX_USB_DEVICE_Init
                0x08002ea8       0x68 ./src/lib/cube_f103/USB_DEVICE/App/usb_device.o
                0x08002ea8                MX_USB_DEVICE_Init
 .text.CDC_DeInit_FS
                0x08002f10        0x4 ./src/lib/cube_f103/USB_DEVICE/App/usbd_cdc_if.o
 .text.CDC_Control_FS
                0x08002f14        0x4 ./src/lib/cube_f103/USB_DEVICE/App/usbd_cdc_if.o
 .text.CDC_Receive_FS
                0x08002f18       0x1c ./src/lib/cube_f103/USB_DEVICE/App/usbd_cdc_if.o
 .text.CDC_Init_FS
                0x08002f34       0x28 ./src/lib/cube_f103/USB_DEVICE/App/usbd_cdc_if.o
 .text.USBD_FS_DeviceDescriptor
                0x08002f5c        0xc ./src/lib/cube_f103/USB_DEVICE/App/usbd_desc.o
                0x08002f5c                USBD_FS_DeviceDescriptor
 .text.USBD_FS_LangIDStrDescriptor
                0x08002f68        0xc ./src/lib/cube_f103/USB_DEVICE/App/usbd_desc.o
                0x08002f68                USBD_FS_LangIDStrDescriptor
 .text.IntToUnicode
                0x08002f74       0x2a ./src/lib/cube_f103/USB_DEVICE/App/usbd_desc.o
 *fill*         0x08002f9e        0x2 
 .text.USBD_FS_SerialStrDescriptor
                0x08002fa0       0x3c ./src/lib/cube_f103/USB_DEVICE/App/usbd_desc.o
                0x08002fa0                USBD_FS_SerialStrDescriptor
 .text.USBD_FS_ManufacturerStrDescriptor
                0x08002fdc       0x1c ./src/lib/cube_f103/USB_DEVICE/App/usbd_desc.o
                0x08002fdc                USBD_FS_ManufacturerStrDescriptor
 .text.USBD_FS_ProductStrDescriptor
                0x08002ff8       0x1c ./src/lib/cube_f103/USB_DEVICE/App/usbd_desc.o
                0x08002ff8                USBD_FS_ProductStrDescriptor
 .text.USBD_FS_ConfigStrDescriptor
                0x08003014       0x1c ./src/lib/cube_f103/USB_DEVICE/App/usbd_desc.o
                0x08003014                USBD_FS_ConfigStrDescriptor
 .text.USBD_FS_InterfaceStrDescriptor
                0x08003030       0x1c ./src/lib/cube_f103/USB_DEVICE/App/usbd_desc.o
                0x08003030                USBD_FS_InterfaceStrDescriptor
 .text.USBD_Get_USB_Status
                0x0800304c        0xc ./src/lib/cube_f103/USB_DEVICE/Target/usbd_conf.o
 .text.HAL_PCD_MspInit
                0x08003058       0x40 ./src/lib/cube_f103/USB_DEVICE/Target/usbd_conf.o
                0x08003058                HAL_PCD_MspInit
 .text.HAL_PCD_SetupStageCallback
                0x08003098        0xc ./src/lib/cube_f103/USB_DEVICE/Target/usbd_conf.o
                0x08003098                HAL_PCD_SetupStageCallback
 .text.HAL_PCD_DataOutStageCallback
                0x080030a4       0x12 ./src/lib/cube_f103/USB_DEVICE/Target/usbd_conf.o
                0x080030a4                HAL_PCD_DataOutStageCallback
 .text.HAL_PCD_DataInStageCallback
                0x080030b6       0x10 ./src/lib/cube_f103/USB_DEVICE/Target/usbd_conf.o
                0x080030b6                HAL_PCD_DataInStageCallback
 .text.HAL_PCD_SOFCallback
                0x080030c6        0x8 ./src/lib/cube_f103/USB_DEVICE/Target/usbd_conf.o
                0x080030c6                HAL_PCD_SOFCallback
 .text.HAL_PCD_ResetCallback
                0x080030ce       0x24 ./src/lib/cube_f103/USB_DEVICE/Target/usbd_conf.o
                0x080030ce                HAL_PCD_ResetCallback
 *fill*         0x080030f2        0x2 
 .text.HAL_PCD_SuspendCallback
                0x080030f4       0x20 ./src/lib/cube_f103/USB_DEVICE/Target/usbd_conf.o
                0x080030f4                HAL_PCD_SuspendCallback
 .text.HAL_PCD_ResumeCallback
                0x08003114        0x8 ./src/lib/cube_f103/USB_DEVICE/Target/usbd_conf.o
                0x08003114                HAL_PCD_ResumeCallback
 .text.USBD_LL_Init
                0x0800311c       0x80 ./src/lib/cube_f103/USB_DEVICE/Target/usbd_conf.o
                0x0800311c                USBD_LL_Init
 .text.USBD_LL_Start
                0x0800319c       0x12 ./src/lib/cube_f103/USB_DEVICE/Target/usbd_conf.o
                0x0800319c                USBD_LL_Start
 .text.USBD_LL_OpenEP
                0x080031ae       0x18 ./src/lib/cube_f103/USB_DEVICE/Target/usbd_conf.o
                0x080031ae                USBD_LL_OpenEP
 .text.USBD_LL_CloseEP
                0x080031c6       0x12 ./src/lib/cube_f103/USB_DEVICE/Target/usbd_conf.o
                0x080031c6                USBD_LL_CloseEP
 .text.USBD_LL_StallEP
                0x080031d8       0x12 ./src/lib/cube_f103/USB_DEVICE/Target/usbd_conf.o
                0x080031d8                USBD_LL_StallEP
 .text.USBD_LL_ClearStallEP
                0x080031ea       0x12 ./src/lib/cube_f103/USB_DEVICE/Target/usbd_conf.o
                0x080031ea                USBD_LL_ClearStallEP
 .text.USBD_LL_IsStallEP
                0x080031fc       0x22 ./src/lib/cube_f103/USB_DEVICE/Target/usbd_conf.o
                0x080031fc                USBD_LL_IsStallEP
 .text.USBD_LL_SetUSBAddress
                0x0800321e       0x12 ./src/lib/cube_f103/USB_DEVICE/Target/usbd_conf.o
                0x0800321e                USBD_LL_SetUSBAddress
 .text.USBD_LL_Transmit
                0x08003230       0x12 ./src/lib/cube_f103/USB_DEVICE/Target/usbd_conf.o
                0x08003230                USBD_LL_Transmit
 .text.USBD_LL_PrepareReceive
                0x08003242       0x12 ./src/lib/cube_f103/USB_DEVICE/Target/usbd_conf.o
                0x08003242                USBD_LL_PrepareReceive
 .text.USBD_LL_GetRxDataSize
                0x08003254        0x8 ./src/lib/cube_f103/USB_DEVICE/Target/usbd_conf.o
                0x08003254                USBD_LL_GetRxDataSize
 .text.USBD_static_malloc
                0x0800325c        0x8 ./src/lib/cube_f103/USB_DEVICE/Target/usbd_conf.o
                0x0800325c                USBD_static_malloc
 .text.USBD_static_free
                0x08003264        0x2 ./src/lib/cube_f103/USB_DEVICE/Target/usbd_conf.o
                0x08003264                USBD_static_free
 .text.HAL_PCDEx_SetConnectionState
                0x08003266        0x2 ./src/lib/cube_f103/USB_DEVICE/Target/usbd_conf.o
                0x08003266                HAL_PCDEx_SetConnectionState
 .text.startup.main
                0x08003268       0x12 ./src/main.o
                0x08003268                main
 .text.memset   0x0800327a       0x10 C:/ST/STM32CubeIDE_2.0.0/STM32CubeIDE/plugins/com.st.stm32cube.ide.mcu.externaltools.gnu-tools-for-stm32.13.3.rel1.win32_1.0.100.202509120712/tools/bin/../lib/gcc/arm-none-eabi/13.3.1/../../../../arm-none-eabi/lib/thumb/v7-m/nofp\libc_nano.a(libc_a-memset.o)
                0x0800327a                memset
 *fill*         0x0800328a        0x2 
 .text.__libc_init_array
                0x0800328c       0x48 C:/ST/STM32CubeIDE_2.0.0/STM32CubeIDE/plugins/com.st.stm32cube.ide.mcu.externaltools.gnu-tools-for-stm32.13.3.rel1.win32_1.0.100.202509120712/tools/bin/../lib/gcc/arm-none-eabi/13.3.1/../../../../arm-none-eabi/lib/thumb/v7-m/nofp\libc_nano.a(libc_a-init.o)
                0x0800328c                __libc_init_array
 *(.glue_7)
 .glue_7        0x080032d4        0x0 linker stubs
 *(.glue_7t)
 .glue_7t       0x080032d4        0x0 linker stubs
 *(.eh_frame)
 .eh_frame      0x080032d4        0x0 C:/ST/STM32CubeIDE_2.0.0/STM32CubeIDE/plugins/com.st.stm32cube.ide.mcu.externaltools.gnu-tools-for-stm32.13.3.rel1.win32_1.0.100.202509120712/tools/bin/../lib/gcc/arm-none-eabi/13.3.1/thumb/v7-m/nofp/crtbegin.o
 *(.init)
 .init          0x080032d4        0x4 C:/ST/STM32CubeIDE_2.0.0/STM32CubeIDE/plugins/com.st.stm32cube.ide.mcu.externaltools.gnu-tools-for-stm32.13.3.rel1.win32_1.0.100.202509120712/tools/bin/../lib/gcc/arm-none-eabi/13.3.1/thumb/v7-m/nofp/crti.o
                0x080032d4                _init
 .init          0x080032d8        0x8 C:/ST/STM32CubeIDE_2.0.0/STM32CubeIDE/plugins/com.st.stm32cube.ide.mcu.externaltools.gnu-tools-for-stm32.13.3.rel1.win32_1.0.100.202509120712/tools/bin/../lib/gcc/arm-none-eabi/13.3.1/thumb/v7-m/nofp/crtn.o
 *(.fini)
 .fini          0x080032e0        0x4 C:/ST/STM32CubeIDE_2.0.0/STM32CubeIDE/plugins/com.st.stm32cube.ide.mcu.externaltools.gnu-tools-for-stm32.13.3.rel1.win32_1.0.100.202509120712/tools/bin/../lib/gcc/arm-none-eabi/13.3.1/thumb/v7-m/nofp/crti.o
                0x080032e0                _fini
 .fini          0x080032e4        0x8 C:/ST/STM32CubeIDE_2.0.0/STM32CubeIDE/plugins/com.st.stm32cube.ide.mcu.externaltools.gnu-tools-for-stm32.13.3.rel1.win32_1.0.100.202509120712/tools/bin/../lib/gcc/arm-none-eabi/13.3.1/thumb/v7-m/nofp/crtn.o
                0x080032ec                        . = ALIGN (0x4)
                0x080032ec                        _etext = .

.vfp11_veneer   0x080032ec        0x0
 .vfp11_veneer  0x080032ec        0x0 linker stubs

.v4_bx          0x080032ec        0x0
 .v4_bx         0x080032ec        0x0 linker stubs

.iplt           0x080032ec        0x0
 .iplt          0x080032ec        0x0 C:/ST/STM32CubeIDE_2.0.0/STM32CubeIDE/plugins/com.st.stm32cube.ide.mcu.externaltools.gnu-tools-for-stm32.13.3.rel1.win32_1.0.100.202509120712/tools/bin/../lib/gcc/arm-none-eabi/13.3.1/thumb/v7-m/nofp/crtbegin.o

.rodata         0x080032ec       0x64
                0x080032ec                        . = ALIGN (0x4)
 *(.rodata)
 *(.rodata*)
 .rodata.AHBPrescTable
                0x080032ec       0x10 ./src/bsp/system_stm32f1xx.o
                0x080032ec                AHBPrescTable
 .rodata.aPredivFactorTable.0
                0x080032fc        0x2 ./src/lib/cube_f103/Drivers/STM32F1xx_HAL_Driver/Src/stm32f1xx_hal_rcc.o
 .rodata.aPLLMULFactorTable.1
                0x080032fe       0x10 ./src/lib/cube_f103/Drivers/STM32F1xx_HAL_Driver/Src/stm32f1xx_hal_rcc.o
 .rodata.USBD_FS_ManufacturerStrDescriptor.str1.1
                0x0800330e       0x42 ./src/lib/cube_f103/USB_DEVICE/App/usbd_desc.o
                                 0x13 (size before relaxing)
 .rodata.USBD_FS_ProductStrDescriptor.str1.1
                0x08003350        0x0 ./src/lib/cube_f103/USB_DEVICE/App/usbd_desc.o
                                 0x16 (size before relaxing)
 .rodata.USBD_FS_ConfigStrDescriptor.str1.1
                0x08003350        0x0 ./src/lib/cube_f103/USB_DEVICE/App/usbd_desc.o
                                  0xb (size before relaxing)
 .rodata.USBD_FS_InterfaceStrDescriptor.str1.1
                0x08003350        0x0 ./src/lib/cube_f103/USB_DEVICE/App/usbd_desc.o
                                  0xe (size before relaxing)
                0x08003350                        . = ALIGN (0x4)

.ARM.extab      0x08003350        0x0
                0x08003350                        . = ALIGN (0x4)
 *(.ARM.extab* .gnu.linkonce.armextab.*)
                0x08003350                        . = ALIGN (0x4)

.ARM            0x08003350        0x8
                0x08003350                        . = ALIGN (0x4)
                0x08003350                        __exidx_start = .
 *(.ARM.exidx*)
 .ARM.exidx     0x08003350        0x8 C:/ST/STM32CubeIDE_2.0.0/STM32CubeIDE/plugins/com.st.stm32cube.ide.mcu.externaltools.gnu-tools-for-stm32.13.3.rel1.win32_1.0.100.202509120712/tools/bin/../lib/gcc/arm-none-eabi/13.3.1/../../../../arm-none-eabi/lib/thumb/v7-m/nofp\libc_nano.a(libc_a-strlen.o)
                0x08003358                        __exidx_end = .
                0x08003358                        . = ALIGN (0x4)

.preinit_array  0x08003358        0x0
                0x08003358                        . = ALIGN (0x4)
                0x08003358                        PROVIDE (__preinit_array_start = .)
 *(.preinit_array*)
                0x08003358                        PROVIDE (__preinit_array_end = .)
                0x08003358                        . = ALIGN (0x4)

.init_array     0x08003358        0x4
                0x08003358                        . = ALIGN (0x4)
                0x08003358                        PROVIDE (__init_array_start = .)
 *(SORT_BY_NAME(.init_array.*))
 *(.init_array*)
 .init_array    0x08003358        0x4 C:/ST/STM32CubeIDE_2.0.0/STM32CubeIDE/plugins/com.st.stm32cube.ide.mcu.externaltools.gnu-tools-for-stm32.13.3.rel1.win32_1.0.100.202509120712/tools/bin/../lib/gcc/arm-none-eabi/13.3.1/thumb/v7-m/nofp/crtbegin.o
                0x0800335c                        PROVIDE (__init_array_end = .)
                0x0800335c                        . = ALIGN (0x4)

.fini_array     0x0800335c        0x4
                0x0800335c                        . = ALIGN (0x4)
                [!provide]                        PROVIDE (__fini_array_start = .)
 *(SORT_BY_NAME(.fini_array.*))
 *(.fini_array*)
 .fini_array    0x0800335c        0x4 C:/ST/STM32CubeIDE_2.0.0/STM32CubeIDE/plugins/com.st.stm32cube.ide.mcu.externaltools.gnu-tools-for-stm32.13.3.rel1.win32_1.0.100.202509120712/tools/bin/../lib/gcc/arm-none-eabi/13.3.1/thumb/v7-m/nofp/crtbegin.o
                [!provide]                        PROVIDE (__fini_array_end = .)
                0x08003360                        . = ALIGN (0x4)
                0x08003360                        _sidata = LOADADDR (.data)

.rel.dyn        0x08003360        0x0
 .rel.iplt      0x08003360        0x0 C:/ST/STM32CubeIDE_2.0.0/STM32CubeIDE/plugins/com.st.stm32cube.ide.mcu.externaltools.gnu-tools-for-stm32.13.3.rel1.win32_1.0.100.202509120712/tools/bin/../lib/gcc/arm-none-eabi/13.3.1/thumb/v7-m/nofp/crtbegin.o

.data           0x20000000      0x184 load address 0x08003360
                0x20000000                        . = ALIGN (0x4)
                0x20000000                        _sdata = .
 *(.data)
 *(.data*)
 .data.SystemCoreClock
                0x20000000        0x4 ./src/bsp/system_stm32f1xx.o
                0x20000000                SystemCoreClock
 .data.led_tbl  0x20000004        0x8 ./src/hw/driver/led.o
                0x20000004                led_tbl
 .data.uwTickFreq
                0x2000000c        0x1 ./src/lib/cube_f103/Drivers/STM32F1xx_HAL_Driver/Src/stm32f1xx_hal.o
                0x2000000c                uwTickFreq
 *fill*         0x2000000d        0x3 
 .data.uwTickPrio
                0x20000010        0x4 ./src/lib/cube_f103/Drivers/STM32F1xx_HAL_Driver/Src/stm32f1xx_hal.o
                0x20000010                uwTickPrio
 .data.USBD_CDC_OtherSpeedCfgDesc
                0x20000014       0x43 ./src/lib/cube_f103/Middlewares/ST/STM32_USB_Device_Library/Class/CDC/Src/usbd_cdc.o
                0x20000014                USBD_CDC_OtherSpeedCfgDesc
 *fill*         0x20000057        0x1 
 .data.USBD_CDC_CfgFSDesc
                0x20000058       0x43 ./src/lib/cube_f103/Middlewares/ST/STM32_USB_Device_Library/Class/CDC/Src/usbd_cdc.o
                0x20000058                USBD_CDC_CfgFSDesc
 *fill*         0x2000009b        0x1 
 .data.USBD_CDC_CfgHSDesc
                0x2000009c       0x43 ./src/lib/cube_f103/Middlewares/ST/STM32_USB_Device_Library/Class/CDC/Src/usbd_cdc.o
                0x2000009c                USBD_CDC_CfgHSDesc
 *fill*         0x200000df        0x1 
 .data.USBD_CDC
                0x200000e0       0x38 ./src/lib/cube_f103/Middlewares/ST/STM32_USB_Device_Library/Class/CDC/Src/usbd_cdc.o
                0x200000e0                USBD_CDC
 .data.USBD_CDC_DeviceQualifierDesc
                0x20000118        0xa ./src/lib/cube_f103/Middlewares/ST/STM32_USB_Device_Library/Class/CDC/Src/usbd_cdc.o
 *fill*         0x20000122        0x2 
 .data.USBD_Interface_fops_FS
                0x20000124       0x10 ./src/lib/cube_f103/USB_DEVICE/App/usbd_cdc_if.o
                0x20000124                USBD_Interface_fops_FS
 .data.USBD_StringSerial
                0x20000134       0x1a ./src/lib/cube_f103/USB_DEVICE/App/usbd_desc.o
                0x20000134                USBD_StringSerial
 *fill*         0x2000014e        0x2 
 .data.USBD_LangIDDesc
                0x20000150        0x4 ./src/lib/cube_f103/USB_DEVICE/App/usbd_desc.o
                0x20000150                USBD_LangIDDesc
 .data.USBD_FS_DeviceDesc
                0x20000154       0x12 ./src/lib/cube_f103/USB_DEVICE/App/usbd_desc.o
                0x20000154                USBD_FS_DeviceDesc
 *fill*         0x20000166        0x2 
 .data.FS_Desc  0x20000168       0x1c ./src/lib/cube_f103/USB_DEVICE/App/usbd_desc.o
                0x20000168                FS_Desc
 *(.RamFunc)
 *(.RamFunc*)
                0x20000184                        . = ALIGN (0x4)
                0x20000184                        _edata = .

.igot.plt       0x20000184        0x0 load address 0x080034e4
 .igot.plt      0x20000184        0x0 C:/ST/STM32CubeIDE_2.0.0/STM32CubeIDE/plugins/com.st.stm32cube.ide.mcu.externaltools.gnu-tools-for-stm32.13.3.rel1.win32_1.0.100.202509120712/tools/bin/../lib/gcc/arm-none-eabi/13.3.1/thumb/v7-m/nofp/crtbegin.o
                0x20000184                        . = ALIGN (0x4)

.bss            0x20000184      0xde0 load address 0x080034e4
                0x20000184                        _sbss = .
                0x20000184                        __bss_start__ = _sbss
 *(.bss)
 .bss           0x20000184       0x1c C:/ST/STM32CubeIDE_2.0.0/STM32CubeIDE/plugins/com.st.stm32cube.ide.mcu.externaltools.gnu-tools-for-stm32.13.3.rel1.win32_1.0.100.202509120712/tools/bin/../lib/gcc/arm-none-eabi/13.3.1/thumb/v7-m/nofp/crtbegin.o
 *(.bss*)
 .bss.uwTick    0x200001a0        0x4 ./src/lib/cube_f103/Drivers/STM32F1xx_HAL_Driver/Src/stm32f1xx_hal.o
                0x200001a0                uwTick
 .bss.cfgidx.0  0x200001a4        0x1 ./src/lib/cube_f103/Middlewares/ST/STM32_USB_Device_Library/Core/Src/usbd_ctlreq.o
 *fill*         0x200001a5        0x3 
 .bss.hUsbDeviceFS
                0x200001a8      0x2c4 ./src/lib/cube_f103/USB_DEVICE/App/usb_device.o
                0x200001a8                hUsbDeviceFS
 .bss.UserTxBufferFS
                0x2000046c      0x200 ./src/lib/cube_f103/USB_DEVICE/App/usbd_cdc_if.o
                0x2000046c                UserTxBufferFS
 .bss.UserRxBufferFS
                0x2000066c      0x200 ./src/lib/cube_f103/USB_DEVICE/App/usbd_cdc_if.o
                0x2000066c                UserRxBufferFS
 .bss.USBD_StrDesc
                0x2000086c      0x200 ./src/lib/cube_f103/USB_DEVICE/App/usbd_desc.o
                0x2000086c                USBD_StrDesc
 .bss.mem.0     0x20000a6c      0x220 ./src/lib/cube_f103/USB_DEVICE/Target/usbd_conf.o
 .bss.hpcd_USB_FS
                0x20000c8c      0x2d8 ./src/lib/cube_f103/USB_DEVICE/Target/usbd_conf.o
                0x20000c8c                hpcd_USB_FS
 *(COMMON)
                0x20000f64                        . = ALIGN (0x4)
                0x20000f64                        _ebss = .
                0x20000f64                        __bss_end__ = _ebss

._user_heap_stack
                0x20000f64      0x604 load address 0x080034e4
                0x20000f68                        . = ALIGN (0x8)
 *fill*         0x20000f64        0x4 
                [!provide]                        PROVIDE (end = .)
                0x20000f68                        PROVIDE (_end = .)
                0x20001168                        . = (. + _Min_Heap_Size)
 *fill*         0x20000f68      0x200 
                0x20001568                        . = (. + _Min_Stack_Size)
 *fill*         0x20001168      0x400 
                0x20001568                        . = ALIGN (0x8)

/DISCARD/
 libc.a(*)
 libm.a(*)
 libgcc.a(*)

.ARM.attributes
                0x00000000       0x29
 *(.ARM.attributes)
 .ARM.attributes
                0x00000000       0x1d C:/ST/STM32CubeIDE_2.0.0/STM32CubeIDE/plugins/com.st.stm32cube.ide.mcu.externaltools.gnu-tools-for-stm32.13.3.rel1.win32_1.0.100.202509120712/tools/bin/../lib/gcc/arm-none-eabi/13.3.1/thumb/v7-m/nofp/crti.o
 .ARM.attributes
                0x0000001d       0x2d C:/ST/STM32CubeIDE_2.0.0/STM32CubeIDE/plugins/com.st.stm32cube.ide.mcu.externaltools.gnu-tools-for-stm32.13.3.rel1.win32_1.0.100.202509120712/tools/bin/../lib/gcc/arm-none-eabi/13.3.1/thumb/v7-m/nofp/crtbegin.o
 .ARM.attributes
                0x0000004a       0x2d ./src/ap/ap.o
 .ARM.attributes
                0x00000077       0x2d ./src/bsp/bsp.o
 .ARM.attributes
                0x000000a4       0x2d ./src/bsp/stm32f1xx_hal_msp.o
 .ARM.attributes
                0x000000d1       0x2d ./src/bsp/stm32f1xx_it.o
 .ARM.attributes
                0x000000fe       0x2d ./src/bsp/system_stm32f1xx.o
 .ARM.attributes
                0x0000012b       0x21 ./src/bsp/startup/startup_stm32f103rbtx.o
 .ARM.attributes
                0x0000014c       0x2d ./src/hw/driver/led.o
 .ARM.attributes
                0x00000179       0x2d ./src/hw/hw.o
 .ARM.attributes
                0x000001a6       0x2d ./src/lib/cube_f103/Drivers/STM32F1xx_HAL_Driver/Src/stm32f1xx_hal.o
 .ARM.attributes
                0x000001d3       0x2d ./src/lib/cube_f103/Drivers/STM32F1xx_HAL_Driver/Src/stm32f1xx_hal_cortex.o
 .ARM.attributes
                0x00000200       0x2d ./src/lib/cube_f103/Drivers/STM32F1xx_HAL_Driver/Src/stm32f1xx_hal_gpio.o
 .ARM.attributes
                0x0000022d       0x2d ./src/lib/cube_f103/Drivers/STM32F1xx_HAL_Driver/Src/stm32f1xx_hal_pcd.o
 .ARM.attributes
                0x0000025a       0x2d ./src/lib/cube_f103/Drivers/STM32F1xx_HAL_Driver/Src/stm32f1xx_hal_pcd_ex.o
 .ARM.attributes
                0x00000287       0x2d ./src/lib/cube_f103/Drivers/STM32F1xx_HAL_Driver/Src/stm32f1xx_hal_rcc.o
 .ARM.attributes
                0x000002b4       0x2d ./src/lib/cube_f103/Drivers/STM32F1xx_HAL_Driver/Src/stm32f1xx_hal_rcc_ex.o
 .ARM.attributes
                0x000002e1       0x2d ./src/lib/cube_f103/Drivers/STM32F1xx_HAL_Driver/Src/stm32f1xx_ll_usb.o
 .ARM.attributes
                0x0000030e       0x2d ./src/lib/cube_f103/Middlewares/ST/STM32_USB_Device_Library/Class/CDC/Src/usbd_cdc.o
 .ARM.attributes
                0x0000033b       0x2d ./src/lib/cube_f103/Middlewares/ST/STM32_USB_Device_Library/Core/Src/usbd_core.o
 .ARM.attributes
                0x00000368       0x2d ./src/lib/cube_f103/Middlewares/ST/STM32_USB_Device_Library/Core/Src/usbd_ctlreq.o
 .ARM.attributes
                0x00000395       0x2d ./src/lib/cube_f103/Middlewares/ST/STM32_USB_Device_Library/Core/Src/usbd_ioreq.o
 .ARM.attributes
                0x000003c2       0x2d ./src/lib/cube_f103/USB_DEVICE/App/usb_device.o
 .ARM.attributes
                0x000003ef       0x2d ./src/lib/cube_f103/USB_DEVICE/App/usbd_cdc_if.o
 .ARM.attributes
                0x0000041c       0x2d ./src/lib/cube_f103/USB_DEVICE/App/usbd_desc.o
 .ARM.attributes
                0x00000449       0x2d ./src/lib/cube_f103/USB_DEVICE/Target/usbd_conf.o
 .ARM.attributes
                0x00000476       0x2d ./src/main.o
 .ARM.attributes
                0x000004a3       0x2d C:/ST/STM32CubeIDE_2.0.0/STM32CubeIDE/plugins/com.st.stm32cube.ide.mcu.externaltools.gnu-tools-for-stm32.13.3.rel1.win32_1.0.100.202509120712/tools/bin/../lib/gcc/arm-none-eabi/13.3.1/../../../../arm-none-eabi/lib/thumb/v7-m/nofp\libc_nano.a(libc_a-memset.o)
 .ARM.attributes
                0x000004d0       0x2d C:/ST/STM32CubeIDE_2.0.0/STM32CubeIDE/plugins/com.st.stm32cube.ide.mcu.externaltools.gnu-tools-for-stm32.13.3.rel1.win32_1.0.100.202509120712/tools/bin/../lib/gcc/arm-none-eabi/13.3.1/../../../../arm-none-eabi/lib/thumb/v7-m/nofp\libc_nano.a(libc_a-init.o)
 .ARM.attributes
                0x000004fd       0x17 C:/ST/STM32CubeIDE_2.0.0/STM32CubeIDE/plugins/com.st.stm32cube.ide.mcu.externaltools.gnu-tools-for-stm32.13.3.rel1.win32_1.0.100.202509120712/tools/bin/../lib/gcc/arm-none-eabi/13.3.1/../../../../arm-none-eabi/lib/thumb/v7-m/nofp\libc_nano.a(libc_a-strlen.o)
 .ARM.attributes
                0x00000514       0x1d C:/ST/STM32CubeIDE_2.0.0/STM32CubeIDE/plugins/com.st.stm32cube.ide.mcu.externaltools.gnu-tools-for-stm32.13.3.rel1.win32_1.0.100.202509120712/tools/bin/../lib/gcc/arm-none-eabi/13.3.1/thumb/v7-m/nofp/crtn.o
OUTPUT(stm32f103_fw.elf elf32-littlearm)
LOAD linker stubs
LOAD C:/ST/STM32CubeIDE_2.0.0/STM32CubeIDE/plugins/com.st.stm32cube.ide.mcu.externaltools.gnu-tools-for-stm32.13.3.rel1.win32_1.0.100.202509120712/tools/bin/../lib/gcc/arm-none-eabi/13.3.1/../../../../arm-none-eabi/lib/thumb/v7-m/nofp\libc.a
LOAD C:/ST/STM32CubeIDE_2.0.0/STM32CubeIDE/plugins/com.st.stm32cube.ide.mcu.externaltools.gnu-tools-for-stm32.13.3.rel1.win32_1.0.100.202509120712/tools/bin/../lib/gcc/arm-none-eabi/13.3.1/../../../../arm-none-eabi/lib/thumb/v7-m/nofp\libm.a
LOAD C:/ST/STM32CubeIDE_2.0.0/STM32CubeIDE/plugins/com.st.stm32cube.ide.mcu.externaltools.gnu-tools-for-stm32.13.3.rel1.win32_1.0.100.202509120712/tools/bin/../lib/gcc/arm-none-eabi/13.3.1/thumb/v7-m/nofp\libgcc.a

.debug_info     0x00000000     0xf0c6
 .debug_info    0x00000000      0x35e ./src/ap/ap.o
 .debug_info    0x0000035e      0x72d ./src/bsp/bsp.o
 .debug_info    0x00000a8b      0x1f3 ./src/bsp/stm32f1xx_hal_msp.o
 .debug_info    0x00000c7e      0x619 ./src/bsp/stm32f1xx_it.o
 .debug_info    0x00001297      0x22a ./src/bsp/system_stm32f1xx.o
 .debug_info    0x000014c1       0x30 ./src/bsp/startup/startup_stm32f103rbtx.o
 .debug_info    0x000014f1      0x471 ./src/hw/driver/led.o
 .debug_info    0x00001962       0xbf ./src/hw/hw.o
 .debug_info    0x00001a21      0x7dc ./src/lib/cube_f103/Drivers/STM32F1xx_HAL_Driver/Src/stm32f1xx_hal.o
 .debug_info    0x000021fd      0xced ./src/lib/cube_f103/Drivers/STM32F1xx_HAL_Driver/Src/stm32f1xx_hal_cortex.o
 .debug_info    0x00002eea      0x612 ./src/lib/cube_f103/Drivers/STM32F1xx_HAL_Driver/Src/stm32f1xx_hal_gpio.o
 .debug_info    0x000034fc     0x22fb ./src/lib/cube_f103/Drivers/STM32F1xx_HAL_Driver/Src/stm32f1xx_hal_pcd.o
 .debug_info    0x000057f7      0x6c8 ./src/lib/cube_f103/Drivers/STM32F1xx_HAL_Driver/Src/stm32f1xx_hal_pcd_ex.o
 .debug_info    0x00005ebf      0x9fb ./src/lib/cube_f103/Drivers/STM32F1xx_HAL_Driver/Src/stm32f1xx_hal_rcc.o
 .debug_info    0x000068ba      0x420 ./src/lib/cube_f103/Drivers/STM32F1xx_HAL_Driver/Src/stm32f1xx_hal_rcc_ex.o
 .debug_info    0x00006cda     0x1956 ./src/lib/cube_f103/Drivers/STM32F1xx_HAL_Driver/Src/stm32f1xx_ll_usb.o
 .debug_info    0x00008630     0x12c9 ./src/lib/cube_f103/Middlewares/ST/STM32_USB_Device_Library/Class/CDC/Src/usbd_cdc.o
 .debug_info    0x000098f9      0xdc0 ./src/lib/cube_f103/Middlewares/ST/STM32_USB_Device_Library/Core/Src/usbd_core.o
 .debug_info    0x0000a6b9      0xd6e ./src/lib/cube_f103/Middlewares/ST/STM32_USB_Device_Library/Core/Src/usbd_ctlreq.o
 .debug_info    0x0000b427      0x838 ./src/lib/cube_f103/Middlewares/ST/STM32_USB_Device_Library/Core/Src/usbd_ioreq.o
 .debug_info    0x0000bc5f      0x7c3 ./src/lib/cube_f103/USB_DEVICE/App/usb_device.o
 .debug_info    0x0000c422      0x8ac ./src/lib/cube_f103/USB_DEVICE/App/usbd_cdc_if.o
 .debug_info    0x0000ccce      0x642 ./src/lib/cube_f103/USB_DEVICE/App/usbd_desc.o
 .debug_info    0x0000d310     0x1cf0 ./src/lib/cube_f103/USB_DEVICE/Target/usbd_conf.o
 .debug_info    0x0000f000       0xc6 ./src/main.o

.debug_abbrev   0x00000000     0x36d4
 .debug_abbrev  0x00000000      0x165 ./src/ap/ap.o
 .debug_abbrev  0x00000165      0x25f ./src/bsp/bsp.o
 .debug_abbrev  0x000003c4       0xeb ./src/bsp/stm32f1xx_hal_msp.o
 .debug_abbrev  0x000004af      0x1d5 ./src/bsp/stm32f1xx_it.o
 .debug_abbrev  0x00000684      0x145 ./src/bsp/system_stm32f1xx.o
 .debug_abbrev  0x000007c9       0x24 ./src/bsp/startup/startup_stm32f103rbtx.o
 .debug_abbrev  0x000007ed      0x256 ./src/hw/driver/led.o
 .debug_abbrev  0x00000a43       0x82 ./src/hw/hw.o
 .debug_abbrev  0x00000ac5      0x272 ./src/lib/cube_f103/Drivers/STM32F1xx_HAL_Driver/Src/stm32f1xx_hal.o
 .debug_abbrev  0x00000d37      0x36b ./src/lib/cube_f103/Drivers/STM32F1xx_HAL_Driver/Src/stm32f1xx_hal_cortex.o
 .debug_abbrev  0x000010a2      0x200 ./src/lib/cube_f103/Drivers/STM32F1xx_HAL_Driver/Src/stm32f1xx_hal_gpio.o
 .debug_abbrev  0x000012a2      0x419 ./src/lib/cube_f103/Drivers/STM32F1xx_HAL_Driver/Src/stm32f1xx_hal_pcd.o
 .debug_abbrev  0x000016bb      0x1d3 ./src/lib/cube_f103/Drivers/STM32F1xx_HAL_Driver/Src/stm32f1xx_hal_pcd_ex.o
 .debug_abbrev  0x0000188e      0x2ff ./src/lib/cube_f103/Drivers/STM32F1xx_HAL_Driver/Src/stm32f1xx_hal_rcc.o
 .debug_abbrev  0x00001b8d      0x1d8 ./src/lib/cube_f103/Drivers/STM32F1xx_HAL_Driver/Src/stm32f1xx_hal_rcc_ex.o
 .debug_abbrev  0x00001d65      0x29c ./src/lib/cube_f103/Drivers/STM32F1xx_HAL_Driver/Src/stm32f1xx_ll_usb.o
 .debug_abbrev  0x00002001      0x335 ./src/lib/cube_f103/Middlewares/ST/STM32_USB_Device_Library/Class/CDC/Src/usbd_cdc.o
 .debug_abbrev  0x00002336      0x2f4 ./src/lib/cube_f103/Middlewares/ST/STM32_USB_Device_Library/Core/Src/usbd_core.o
 .debug_abbrev  0x0000262a      0x3a8 ./src/lib/cube_f103/Middlewares/ST/STM32_USB_Device_Library/Core/Src/usbd_ctlreq.o
 .debug_abbrev  0x000029d2      0x1b6 ./src/lib/cube_f103/Middlewares/ST/STM32_USB_Device_Library/Core/Src/usbd_ioreq.o
 .debug_abbrev  0x00002b88      0x21c ./src/lib/cube_f103/USB_DEVICE/App/usb_device.o
 .debug_abbrev  0x00002da4      0x29f ./src/lib/cube_f103/USB_DEVICE/App/usbd_cdc_if.o
 .debug_abbrev  0x00003043      0x2d3 ./src/lib/cube_f103/USB_DEVICE/App/usbd_desc.o
 .debug_abbrev  0x00003316      0x35a ./src/lib/cube_f103/USB_DEVICE/Target/usbd_conf.o
 .debug_abbrev  0x00003670       0x64 ./src/main.o

.debug_aranges  0x00000000      0xa50
 .debug_aranges
                0x00000000       0x28 ./src/ap/ap.o
 .debug_aranges
                0x00000028       0x40 ./src/bsp/bsp.o
 .debug_aranges
                0x00000068       0x20 ./src/bsp/stm32f1xx_hal_msp.o
 .debug_aranges
                0x00000088       0x68 ./src/bsp/stm32f1xx_it.o
 .debug_aranges
                0x000000f0       0x28 ./src/bsp/system_stm32f1xx.o
 .debug_aranges
                0x00000118       0x28 ./src/bsp/startup/startup_stm32f103rbtx.o
 .debug_aranges
                0x00000140       0x40 ./src/hw/driver/led.o
 .debug_aranges
                0x00000180       0x20 ./src/hw/hw.o
 .debug_aranges
                0x000001a0       0xe0 ./src/lib/cube_f103/Drivers/STM32F1xx_HAL_Driver/Src/stm32f1xx_hal.o
 .debug_aranges
                0x00000280       0x90 ./src/lib/cube_f103/Drivers/STM32F1xx_HAL_Driver/Src/stm32f1xx_hal_cortex.o
 .debug_aranges
                0x00000310       0x58 ./src/lib/cube_f103/Drivers/STM32F1xx_HAL_Driver/Src/stm32f1xx_hal_gpio.o
 .debug_aranges
                0x00000368      0x128 ./src/lib/cube_f103/Drivers/STM32F1xx_HAL_Driver/Src/stm32f1xx_hal_pcd.o
 .debug_aranges
                0x00000490       0x38 ./src/lib/cube_f103/Drivers/STM32F1xx_HAL_Driver/Src/stm32f1xx_hal_pcd_ex.o
 .debug_aranges
                0x000004c8       0x88 ./src/lib/cube_f103/Drivers/STM32F1xx_HAL_Driver/Src/stm32f1xx_hal_rcc.o
 .debug_aranges
                0x00000550       0x30 ./src/lib/cube_f103/Drivers/STM32F1xx_HAL_Driver/Src/stm32f1xx_hal_rcc_ex.o
 .debug_aranges
                0x00000580       0xf8 ./src/lib/cube_f103/Drivers/STM32F1xx_HAL_Driver/Src/stm32f1xx_ll_usb.o
 .debug_aranges
                0x00000678       0x90 ./src/lib/cube_f103/Middlewares/ST/STM32_USB_Device_Library/Class/CDC/Src/usbd_cdc.o
 .debug_aranges
                0x00000708       0xb8 ./src/lib/cube_f103/Middlewares/ST/STM32_USB_Device_Library/Core/Src/usbd_core.o
 .debug_aranges
                0x000007c0       0x50 ./src/lib/cube_f103/Middlewares/ST/STM32_USB_Device_Library/Core/Src/usbd_ctlreq.o
 .debug_aranges
                0x00000810       0x50 ./src/lib/cube_f103/Middlewares/ST/STM32_USB_Device_Library/Core/Src/usbd_ioreq.o
 .debug_aranges
                0x00000860       0x20 ./src/lib/cube_f103/USB_DEVICE/App/usb_device.o
 .debug_aranges
                0x00000880       0x40 ./src/lib/cube_f103/USB_DEVICE/App/usbd_cdc_if.o
 .debug_aranges
                0x000008c0       0x58 ./src/lib/cube_f103/USB_DEVICE/App/usbd_desc.o
 .debug_aranges
                0x00000918      0x118 ./src/lib/cube_f103/USB_DEVICE/Target/usbd_conf.o
 .debug_aranges
                0x00000a30       0x20 ./src/main.o

.debug_rnglists
                0x00000000      0xc37
 .debug_rnglists
                0x00000000       0x2e ./src/ap/ap.o
 .debug_rnglists
                0x0000002e       0x59 ./src/bsp/bsp.o
 .debug_rnglists
                0x00000087       0x37 ./src/bsp/stm32f1xx_hal_msp.o
 .debug_rnglists
                0x000000be       0x49 ./src/bsp/stm32f1xx_it.o
 .debug_rnglists
                0x00000107       0x19 ./src/bsp/system_stm32f1xx.o
 .debug_rnglists
                0x00000120       0x19 ./src/bsp/startup/startup_stm32f103rbtx.o
 .debug_rnglists
                0x00000139       0x49 ./src/hw/driver/led.o
 .debug_rnglists
                0x00000182       0x13 ./src/hw/hw.o
 .debug_rnglists
                0x00000195       0xa3 ./src/lib/cube_f103/Drivers/STM32F1xx_HAL_Driver/Src/stm32f1xx_hal.o
 .debug_rnglists
                0x00000238       0xd3 ./src/lib/cube_f103/Drivers/STM32F1xx_HAL_Driver/Src/stm32f1xx_hal_cortex.o
 .debug_rnglists
                0x0000030b       0x51 ./src/lib/cube_f103/Drivers/STM32F1xx_HAL_Driver/Src/stm32f1xx_hal_gpio.o
 .debug_rnglists
                0x0000035c      0x1d1 ./src/lib/cube_f103/Drivers/STM32F1xx_HAL_Driver/Src/stm32f1xx_hal_pcd.o
 .debug_rnglists
                0x0000052d       0x25 ./src/lib/cube_f103/Drivers/STM32F1xx_HAL_Driver/Src/stm32f1xx_hal_pcd_ex.o
 .debug_rnglists
                0x00000552       0x85 ./src/lib/cube_f103/Drivers/STM32F1xx_HAL_Driver/Src/stm32f1xx_hal_rcc.o
 .debug_rnglists
                0x000005d7       0x3f ./src/lib/cube_f103/Drivers/STM32F1xx_HAL_Driver/Src/stm32f1xx_hal_rcc_ex.o
 .debug_rnglists
                0x00000616      0x2ee ./src/lib/cube_f103/Drivers/STM32F1xx_HAL_Driver/Src/stm32f1xx_ll_usb.o
 .debug_rnglists
                0x00000904       0x69 ./src/lib/cube_f103/Middlewares/ST/STM32_USB_Device_Library/Class/CDC/Src/usbd_cdc.o
 .debug_rnglists
                0x0000096d       0x86 ./src/lib/cube_f103/Middlewares/ST/STM32_USB_Device_Library/Core/Src/usbd_core.o
 .debug_rnglists
                0x000009f3       0x7b ./src/lib/cube_f103/Middlewares/ST/STM32_USB_Device_Library/Core/Src/usbd_ctlreq.o
 .debug_rnglists
                0x00000a6e       0x37 ./src/lib/cube_f103/Middlewares/ST/STM32_USB_Device_Library/Core/Src/usbd_ioreq.o
 .debug_rnglists
                0x00000aa5       0x13 ./src/lib/cube_f103/USB_DEVICE/App/usb_device.o
 .debug_rnglists
                0x00000ab8       0x2b ./src/lib/cube_f103/USB_DEVICE/App/usbd_cdc_if.o
 .debug_rnglists
                0x00000ae3       0x61 ./src/lib/cube_f103/USB_DEVICE/App/usbd_desc.o
 .debug_rnglists
                0x00000b44       0xe0 ./src/lib/cube_f103/USB_DEVICE/Target/usbd_conf.o
 .debug_rnglists
                0x00000c24       0x13 ./src/main.o

.debug_macro    0x00000000    0x19feb
 .debug_macro   0x00000000      0x2ce ./src/ap/ap.o
 .debug_macro   0x000002ce      0xac6 ./src/ap/ap.o
 .debug_macro   0x00000d94       0x22 ./src/ap/ap.o
 .debug_macro   0x00000db6       0x5b ./src/ap/ap.o
 .debug_macro   0x00000e11       0x24 ./src/ap/ap.o
 .debug_macro   0x00000e35       0x94 ./src/ap/ap.o
 .debug_macro   0x00000ec9       0x43 ./src/ap/ap.o
 .debug_macro   0x00000f0c       0x34 ./src/ap/ap.o
 .debug_macro   0x00000f40       0x16 ./src/ap/ap.o
 .debug_macro   0x00000f56       0x57 ./src/ap/ap.o
 .debug_macro   0x00000fad       0x9e ./src/ap/ap.o
 .debug_macro   0x0000104b      0x370 ./src/ap/ap.o
 .debug_macro   0x000013bb      0x112 ./src/ap/ap.o
 .debug_macro   0x000014cd       0x10 ./src/ap/ap.o
 .debug_macro   0x000014dd       0x16 ./src/ap/ap.o
 .debug_macro   0x000014f3       0x4a ./src/ap/ap.o
 .debug_macro   0x0000153d       0x34 ./src/ap/ap.o
 .debug_macro   0x00001571       0x10 ./src/ap/ap.o
 .debug_macro   0x00001581       0x58 ./src/ap/ap.o
 .debug_macro   0x000015d9       0x8e ./src/ap/ap.o
 .debug_macro   0x00001667       0x1c ./src/ap/ap.o
 .debug_macro   0x00001683      0x185 ./src/ap/ap.o
 .debug_macro   0x00001808       0x16 ./src/ap/ap.o
 .debug_macro   0x0000181e       0x16 ./src/ap/ap.o
 .debug_macro   0x00001834      0x146 ./src/ap/ap.o
 .debug_macro   0x0000197a      0x103 ./src/ap/ap.o
 .debug_macro   0x00001a7d       0x6a ./src/ap/ap.o
 .debug_macro   0x00001ae7      0x1df ./src/ap/ap.o
 .debug_macro   0x00001cc6       0x22 ./src/ap/ap.o
 .debug_macro   0x00001ce8       0x1c ./src/ap/ap.o
 .debug_macro   0x00001d04      0x215 ./src/ap/ap.o
 .debug_macro   0x00001f19       0x2e ./src/ap/ap.o
 .debug_macro   0x00001f47       0x22 ./src/ap/ap.o
 .debug_macro   0x00001f69       0x1c ./src/ap/ap.o
 .debug_macro   0x00001f85       0x22 ./src/ap/ap.o
 .debug_macro   0x00001fa7       0xbd ./src/ap/ap.o
 .debug_macro   0x00002064      0xd23 ./src/ap/ap.o
 .debug_macro   0x00002d87     0xe09e ./src/ap/ap.o
 .debug_macro   0x00010e25       0x6d ./src/ap/ap.o
 .debug_macro   0x00010e92     0x34a2 ./src/ap/ap.o
 .debug_macro   0x00014334       0x56 ./src/ap/ap.o
 .debug_macro   0x0001438a      0x5bc ./src/ap/ap.o
 .debug_macro   0x00014946      0x289 ./src/ap/ap.o
 .debug_macro   0x00014bcf      0x1cb ./src/ap/ap.o
 .debug_macro   0x00014d9a      0x114 ./src/ap/ap.o
 .debug_macro   0x00014eae      0x1b2 ./src/ap/ap.o
 .debug_macro   0x00015060       0x27 ./src/ap/ap.o
 .debug_macro   0x00015087      0x136 ./src/ap/ap.o
 .debug_macro   0x000151bd      0x1bc ./src/ap/ap.o
 .debug_macro   0x00015379       0x34 ./src/ap/ap.o
 .debug_macro   0x000153ad       0x3c ./src/ap/ap.o
 .debug_macro   0x000153e9       0x57 ./src/ap/ap.o
 .debug_macro   0x00015440       0x87 ./src/ap/ap.o
 .debug_macro   0x000154c7      0x240 ./src/ap/ap.o
 .debug_macro   0x00015707      0x140 ./src/ap/ap.o
 .debug_macro   0x00015847       0xb7 ./src/ap/ap.o
 .debug_macro   0x000158fe      0x242 ./src/ap/ap.o
 .debug_macro   0x00015b40       0x83 ./src/ap/ap.o
 .debug_macro   0x00015bc3       0x10 ./src/ap/ap.o
 .debug_macro   0x00015bd3      0x368 ./src/bsp/bsp.o
 .debug_macro   0x00015f3b       0x16 ./src/bsp/bsp.o
 .debug_macro   0x00015f51       0x3c ./src/bsp/bsp.o
 .debug_macro   0x00015f8d       0x16 ./src/bsp/bsp.o
 .debug_macro   0x00015fa3       0x29 ./src/bsp/bsp.o
 .debug_macro   0x00015fcc       0x16 ./src/bsp/bsp.o
 .debug_macro   0x00015fe2       0x20 ./src/bsp/bsp.o
 .debug_macro   0x00016002       0x5f ./src/bsp/bsp.o
 .debug_macro   0x00016061      0x1c8 ./src/bsp/bsp.o
 .debug_macro   0x00016229      0x2d8 ./src/bsp/stm32f1xx_hal_msp.o
 .debug_macro   0x00016501      0x2e2 ./src/bsp/stm32f1xx_it.o
 .debug_macro   0x000167e3       0xc8 ./src/bsp/system_stm32f1xx.o
 .debug_macro   0x000168ab       0x8e ./src/bsp/system_stm32f1xx.o
 .debug_macro   0x00016939       0x51 ./src/bsp/system_stm32f1xx.o
 .debug_macro   0x0001698a      0x2b6 ./src/hw/driver/led.o
 .debug_macro   0x00016c40      0x2c4 ./src/hw/hw.o
 .debug_macro   0x00016f04      0x1c7 ./src/lib/cube_f103/Drivers/STM32F1xx_HAL_Driver/Src/stm32f1xx_hal.o
 .debug_macro   0x000170cb       0x5c ./src/lib/cube_f103/Drivers/STM32F1xx_HAL_Driver/Src/stm32f1xx_hal.o
 .debug_macro   0x00017127      0x1a3 ./src/lib/cube_f103/Drivers/STM32F1xx_HAL_Driver/Src/stm32f1xx_hal_cortex.o
 .debug_macro   0x000172ca      0x20e ./src/lib/cube_f103/Drivers/STM32F1xx_HAL_Driver/Src/stm32f1xx_hal_gpio.o
 .debug_macro   0x000174d8      0x1af ./src/lib/cube_f103/Drivers/STM32F1xx_HAL_Driver/Src/stm32f1xx_hal_pcd.o
 .debug_macro   0x00017687      0x1a3 ./src/lib/cube_f103/Drivers/STM32F1xx_HAL_Driver/Src/stm32f1xx_hal_pcd_ex.o
 .debug_macro   0x0001782a      0x1b5 ./src/lib/cube_f103/Drivers/STM32F1xx_HAL_Driver/Src/stm32f1xx_hal_rcc.o
 .debug_macro   0x000179df      0x1a3 ./src/lib/cube_f103/Drivers/STM32F1xx_HAL_Driver/Src/stm32f1xx_hal_rcc_ex.o
 .debug_macro   0x00017b82      0x1a3 ./src/lib/cube_f103/Drivers/STM32F1xx_HAL_Driver/Src/stm32f1xx_ll_usb.o
 .debug_macro   0x00017d25      0x395 ./src/lib/cube_f103/Middlewares/ST/STM32_USB_Device_Library/Class/CDC/Src/usbd_cdc.o
 .debug_macro   0x000180ba       0x8f ./src/lib/cube_f103/Middlewares/ST/STM32_USB_Device_Library/Class/CDC/Src/usbd_cdc.o
 .debug_macro   0x00018149      0x37c ./src/lib/cube_f103/Middlewares/ST/STM32_USB_Device_Library/Core/Src/usbd_core.o
 .debug_macro   0x000184c5      0x1ce ./src/lib/cube_f103/Middlewares/ST/STM32_USB_Device_Library/Core/Src/usbd_core.o
 .debug_macro   0x00018693      0x386 ./src/lib/cube_f103/Middlewares/ST/STM32_USB_Device_Library/Core/Src/usbd_ctlreq.o
 .debug_macro   0x00018a19      0x382 ./src/lib/cube_f103/Middlewares/ST/STM32_USB_Device_Library/Core/Src/usbd_ioreq.o
 .debug_macro   0x00018d9b      0x3bb ./src/lib/cube_f103/USB_DEVICE/App/usb_device.o
 .debug_macro   0x00019156       0x61 ./src/lib/cube_f103/USB_DEVICE/App/usb_device.o
 .debug_macro   0x000191b7       0x22 ./src/lib/cube_f103/USB_DEVICE/App/usb_device.o
 .debug_macro   0x000191d9       0x16 ./src/lib/cube_f103/USB_DEVICE/App/usb_device.o
 .debug_macro   0x000191ef      0x3a0 ./src/lib/cube_f103/USB_DEVICE/App/usbd_cdc_if.o
 .debug_macro   0x0001958f       0x10 ./src/lib/cube_f103/USB_DEVICE/App/usbd_cdc_if.o
 .debug_macro   0x0001959f      0x3b9 ./src/lib/cube_f103/USB_DEVICE/App/usbd_desc.o
 .debug_macro   0x00019958       0x1c ./src/lib/cube_f103/USB_DEVICE/App/usbd_desc.o
 .debug_macro   0x00019974      0x39f ./src/lib/cube_f103/USB_DEVICE/Target/usbd_conf.o
 .debug_macro   0x00019d13      0x2d8 ./src/main.o

.debug_line     0x00000000    0x1574a
 .debug_line    0x00000000      0xaaa ./src/ap/ap.o
 .debug_line    0x00000aaa      0xe34 ./src/bsp/bsp.o
 .debug_line    0x000018de      0xae1 ./src/bsp/stm32f1xx_hal_msp.o
 .debug_line    0x000023bf      0xb95 ./src/bsp/stm32f1xx_it.o
 .debug_line    0x00002f54      0x5e3 ./src/bsp/system_stm32f1xx.o
 .debug_line    0x00003537       0x78 ./src/bsp/startup/startup_stm32f103rbtx.o
 .debug_line    0x000035af      0xb1f ./src/hw/driver/led.o
 .debug_line    0x000040ce      0xa51 ./src/hw/hw.o
 .debug_line    0x00004b1f      0xb64 ./src/lib/cube_f103/Drivers/STM32F1xx_HAL_Driver/Src/stm32f1xx_hal.o
 .debug_line    0x00005683      0xd13 ./src/lib/cube_f103/Drivers/STM32F1xx_HAL_Driver/Src/stm32f1xx_hal_cortex.o
 .debug_line    0x00006396      0xbe4 ./src/lib/cube_f103/Drivers/STM32F1xx_HAL_Driver/Src/stm32f1xx_hal_gpio.o
 .debug_line    0x00006f7a     0x1e08 ./src/lib/cube_f103/Drivers/STM32F1xx_HAL_Driver/Src/stm32f1xx_hal_pcd.o
 .debug_line    0x00008d82      0x8cd ./src/lib/cube_f103/Drivers/STM32F1xx_HAL_Driver/Src/stm32f1xx_hal_pcd_ex.o
 .debug_line    0x0000964f     0x129c ./src/lib/cube_f103/Drivers/STM32F1xx_HAL_Driver/Src/stm32f1xx_hal_rcc.o
 .debug_line    0x0000a8eb      0xaf0 ./src/lib/cube_f103/Drivers/STM32F1xx_HAL_Driver/Src/stm32f1xx_hal_rcc_ex.o
 .debug_line    0x0000b3db     0x1c23 ./src/lib/cube_f103/Drivers/STM32F1xx_HAL_Driver/Src/stm32f1xx_ll_usb.o
 .debug_line    0x0000cffe     0x1198 ./src/lib/cube_f103/Middlewares/ST/STM32_USB_Device_Library/Class/CDC/Src/usbd_cdc.o
 .debug_line    0x0000e196     0x1149 ./src/lib/cube_f103/Middlewares/ST/STM32_USB_Device_Library/Core/Src/usbd_core.o
 .debug_line    0x0000f2df     0x1281 ./src/lib/cube_f103/Middlewares/ST/STM32_USB_Device_Library/Core/Src/usbd_ctlreq.o
 .debug_line    0x00010560      0xd50 ./src/lib/cube_f103/Middlewares/ST/STM32_USB_Device_Library/Core/Src/usbd_ioreq.o
 .debug_line    0x000112b0      0xd41 ./src/lib/cube_f103/USB_DEVICE/App/usb_device.o
 .debug_line    0x00011ff1      0xd81 ./src/lib/cube_f103/USB_DEVICE/App/usbd_cdc_if.o
 .debug_line    0x00012d72      0xe15 ./src/lib/cube_f103/USB_DEVICE/App/usbd_desc.o
 .debug_line    0x00013b87     0x113a ./src/lib/cube_f103/USB_DEVICE/Target/usbd_conf.o
 .debug_line    0x00014cc1      0xa89 ./src/main.o

.debug_str      0x00000000    0x84a00
 .debug_str     0x00000000    0x84a00 ./src/ap/ap.o
                              0x810fa (size before relaxing)
 .debug_str     0x00084a00        0x0 ./src/bsp/bsp.o
                              0x81e31 (size before relaxing)
 .debug_str     0x00084a00        0x0 ./src/bsp/stm32f1xx_hal_msp.o
                              0x81063 (size before relaxing)
 .debug_str     0x00084a00        0x0 ./src/bsp/stm32f1xx_it.o
                              0x81442 (size before relaxing)
 .debug_str     0x00084a00        0x0 ./src/bsp/system_stm32f1xx.o
                              0x54756 (size before relaxing)
 .debug_str     0x00084a00        0x0 ./src/bsp/startup/startup_stm32f103rbtx.o
                                 0x7a (size before relaxing)
 .debug_str     0x00084a00        0x0 ./src/hw/driver/led.o
                              0x81112 (size before relaxing)
 .debug_str     0x00084a00        0x0 ./src/hw/hw.o
                              0x80fc1 (size before relaxing)
 .debug_str     0x00084a00        0x0 ./src/lib/cube_f103/Drivers/STM32F1xx_HAL_Driver/Src/stm32f1xx_hal.o
                              0x7df2c (size before relaxing)
 .debug_str     0x00084a00        0x0 ./src/lib/cube_f103/Drivers/STM32F1xx_HAL_Driver/Src/stm32f1xx_hal_cortex.o
                              0x7de78 (size before relaxing)
 .debug_str     0x00084a00        0x0 ./src/lib/cube_f103/Drivers/STM32F1xx_HAL_Driver/Src/stm32f1xx_hal_gpio.o
                              0x7db7f (size before relaxing)
 .debug_str     0x00084a00        0x0 ./src/lib/cube_f103/Drivers/STM32F1xx_HAL_Driver/Src/stm32f1xx_hal_pcd.o
                              0x7e116 (size before relaxing)
 .debug_str     0x00084a00        0x0 ./src/lib/cube_f103/Drivers/STM32F1xx_HAL_Driver/Src/stm32f1xx_hal_pcd_ex.o
                              0x7dc78 (size before relaxing)
 .debug_str     0x00084a00        0x0 ./src/lib/cube_f103/Drivers/STM32F1xx_HAL_Driver/Src/stm32f1xx_hal_rcc.o
                              0x7dc28 (size before relaxing)
 .debug_str     0x00084a00        0x0 ./src/lib/cube_f103/Drivers/STM32F1xx_HAL_Driver/Src/stm32f1xx_hal_rcc_ex.o
                              0x7d978 (size before relaxing)
 .debug_str     0x00084a00        0x0 ./src/lib/cube_f103/Drivers/STM32F1xx_HAL_Driver/Src/stm32f1xx_ll_usb.o
                              0x7dcca (size before relaxing)
 .debug_str     0x00084a00        0x0 ./src/lib/cube_f103/Middlewares/ST/STM32_USB_Device_Library/Class/CDC/Src/usbd_cdc.o
                              0x82883 (size before relaxing)
 .debug_str     0x00084a00        0x0 ./src/lib/cube_f103/Middlewares/ST/STM32_USB_Device_Library/Core/Src/usbd_core.o
                              0x821b3 (size before relaxing)
 .debug_str     0x00084a00        0x0 ./src/lib/cube_f103/Middlewares/ST/STM32_USB_Device_Library/Core/Src/usbd_ctlreq.o
                              0x820e5 (size before relaxing)
 .debug_str     0x00084a00        0x0 ./src/lib/cube_f103/Middlewares/ST/STM32_USB_Device_Library/Core/Src/usbd_ioreq.o
                              0x81ffa (size before relaxing)
 .debug_str     0x00084a00        0x0 ./src/lib/cube_f103/USB_DEVICE/App/usb_device.o
                              0x823e0 (size before relaxing)
 .debug_str     0x00084a00        0x0 ./src/lib/cube_f103/USB_DEVICE/App/usbd_cdc_if.o
                              0x823a9 (size before relaxing)
 .debug_str     0x00084a00        0x0 ./src/lib/cube_f103/USB_DEVICE/App/usbd_desc.o
                              0x81f36 (size before relaxing)
 .debug_str     0x00084a00        0x0 ./src/lib/cube_f103/USB_DEVICE/Target/usbd_conf.o
                              0x82e10 (size before relaxing)
 .debug_str     0x00084a00        0x0 ./src/main.o
                              0x80fd8 (size before relaxing)

.comment        0x00000000       0x43
 .comment       0x00000000       0x43 ./src/ap/ap.o
                                 0x44 (size before relaxing)
 .comment       0x00000043        0x0 ./src/bsp/bsp.o
                                 0x44 (size before relaxing)
 .comment       0x00000043        0x0 ./src/bsp/stm32f1xx_hal_msp.o
                                 0x44 (size before relaxing)
 .comment       0x00000043        0x0 ./src/bsp/stm32f1xx_it.o
                                 0x44 (size before relaxing)
 .comment       0x00000043        0x0 ./src/bsp/system_stm32f1xx.o
                                 0x44 (size before relaxing)
 .comment       0x00000043        0x0 ./src/hw/driver/led.o
                                 0x44 (size before relaxing)
 .comment       0x00000043        0x0 ./src/hw/hw.o
                                 0x44 (size before relaxing)
 .comment       0x00000043        0x0 ./src/lib/cube_f103/Drivers/STM32F1xx_HAL_Driver/Src/stm32f1xx_hal.o
                                 0x44 (size before relaxing)
 .comment       0x00000043        0x0 ./src/lib/cube_f103/Drivers/STM32F1xx_HAL_Driver/Src/stm32f1xx_hal_cortex.o
                                 0x44 (size before relaxing)
 .comment       0x00000043        0x0 ./src/lib/cube_f103/Drivers/STM32F1xx_HAL_Driver/Src/stm32f1xx_hal_gpio.o
                                 0x44 (size before relaxing)
 .comment       0x00000043        0x0 ./src/lib/cube_f103/Drivers/STM32F1xx_HAL_Driver/Src/stm32f1xx_hal_pcd.o
                                 0x44 (size before relaxing)
 .comment       0x00000043        0x0 ./src/lib/cube_f103/Drivers/STM32F1xx_HAL_Driver/Src/stm32f1xx_hal_pcd_ex.o
                                 0x44 (size before relaxing)
 .comment       0x00000043        0x0 ./src/lib/cube_f103/Drivers/STM32F1xx_HAL_Driver/Src/stm32f1xx_hal_rcc.o
                                 0x44 (size before relaxing)
 .comment       0x00000043        0x0 ./src/lib/cube_f103/Drivers/STM32F1xx_HAL_Driver/Src/stm32f1xx_hal_rcc_ex.o
                                 0x44 (size before relaxing)
 .comment       0x00000043        0x0 ./src/lib/cube_f103/Drivers/STM32F1xx_HAL_Driver/Src/stm32f1xx_ll_usb.o
                                 0x44 (size before relaxing)
 .comment       0x00000043        0x0 ./src/lib/cube_f103/Middlewares/ST/STM32_USB_Device_Library/Class/CDC/Src/usbd_cdc.o
                                 0x44 (size before relaxing)
 .comment       0x00000043        0x0 ./src/lib/cube_f103/Middlewares/ST/STM32_USB_Device_Library/Core/Src/usbd_core.o
                                 0x44 (size before relaxing)
 .comment       0x00000043        0x0 ./src/lib/cube_f103/Middlewares/ST/STM32_USB_Device_Library/Core/Src/usbd_ctlreq.o
                                 0x44 (size before relaxing)
 .comment       0x00000043        0x0 ./src/lib/cube_f103/Middlewares/ST/STM32_USB_Device_Library/Core/Src/usbd_ioreq.o
                                 0x44 (size before relaxing)
 .comment       0x00000043        0x0 ./src/lib/cube_f103/USB_DEVICE/App/usb_device.o
                                 0x44 (size before relaxing)
 .comment       0x00000043        0x0 ./src/lib/cube_f103/USB_DEVICE/App/usbd_cdc_if.o
                                 0x44 (size before relaxing)
 .comment       0x00000043        0x0 ./src/lib/cube_f103/USB_DEVICE/App/usbd_desc.o
                                 0x44 (size before relaxing)
 .comment       0x00000043        0x0 ./src/lib/cube_f103/USB_DEVICE/Target/usbd_conf.o
                                 0x44 (size before relaxing)
 .comment       0x00000043        0x0 ./src/main.o
                                 0x44 (size before relaxing)

.debug_frame    0x00000000     0x168c
 .debug_frame   0x00000000       0x48 ./src/ap/ap.o
 .debug_frame   0x00000048       0x84 ./src/bsp/bsp.o
 .debug_frame   0x000000cc       0x28 ./src/bsp/stm32f1xx_hal_msp.o
 .debug_frame   0x000000f4       0xb0 ./src/bsp/stm32f1xx_it.o
 .debug_frame   0x000001a4       0x30 ./src/bsp/system_stm32f1xx.o
 .debug_frame   0x000001d4       0x70 ./src/hw/driver/led.o
 .debug_frame   0x00000244       0x2c ./src/hw/hw.o
 .debug_frame   0x00000270      0x1d4 ./src/lib/cube_f103/Drivers/STM32F1xx_HAL_Driver/Src/stm32f1xx_hal.o
 .debug_frame   0x00000444      0x120 ./src/lib/cube_f103/Drivers/STM32F1xx_HAL_Driver/Src/stm32f1xx_hal_cortex.o
 .debug_frame   0x00000564       0xd8 ./src/lib/cube_f103/Drivers/STM32F1xx_HAL_Driver/Src/stm32f1xx_hal_gpio.o
 .debug_frame   0x0000063c      0x2f8 ./src/lib/cube_f103/Drivers/STM32F1xx_HAL_Driver/Src/stm32f1xx_hal_pcd.o
 .debug_frame   0x00000934       0x58 ./src/lib/cube_f103/Drivers/STM32F1xx_HAL_Driver/Src/stm32f1xx_hal_pcd_ex.o
 .debug_frame   0x0000098c      0x13c ./src/lib/cube_f103/Drivers/STM32F1xx_HAL_Driver/Src/stm32f1xx_hal_rcc.o
 .debug_frame   0x00000ac8       0x60 ./src/lib/cube_f103/Drivers/STM32F1xx_HAL_Driver/Src/stm32f1xx_hal_rcc_ex.o
 .debug_frame   0x00000b28      0x218 ./src/lib/cube_f103/Drivers/STM32F1xx_HAL_Driver/Src/stm32f1xx_ll_usb.o
 .debug_frame   0x00000d40      0x160 ./src/lib/cube_f103/Middlewares/ST/STM32_USB_Device_Library/Class/CDC/Src/usbd_cdc.o
 .debug_frame   0x00000ea0      0x1c4 ./src/lib/cube_f103/Middlewares/ST/STM32_USB_Device_Library/Core/Src/usbd_core.o
 .debug_frame   0x00001064       0xcc ./src/lib/cube_f103/Middlewares/ST/STM32_USB_Device_Library/Core/Src/usbd_ctlreq.o
 .debug_frame   0x00001130       0xb0 ./src/lib/cube_f103/Middlewares/ST/STM32_USB_Device_Library/Core/Src/usbd_ioreq.o
 .debug_frame   0x000011e0       0x30 ./src/lib/cube_f103/USB_DEVICE/App/usb_device.o
 .debug_frame   0x00001210       0x80 ./src/lib/cube_f103/USB_DEVICE/App/usbd_cdc_if.o
 .debug_frame   0x00001290       0xc4 ./src/lib/cube_f103/USB_DEVICE/App/usbd_desc.o
 .debug_frame   0x00001354      0x2c4 ./src/lib/cube_f103/USB_DEVICE/Target/usbd_conf.o
 .debug_frame   0x00001618       0x28 ./src/main.o
 .debug_frame   0x00001640       0x20 C:/ST/STM32CubeIDE_2.0.0/STM32CubeIDE/plugins/com.st.stm32cube.ide.mcu.externaltools.gnu-tools-for-stm32.13.3.rel1.win32_1.0.100.202509120712/tools/bin/../lib/gcc/arm-none-eabi/13.3.1/../../../../arm-none-eabi/lib/thumb/v7-m/nofp\libc_nano.a(libc_a-memset.o)
 .debug_frame   0x00001660       0x2c C:/ST/STM32CubeIDE_2.0.0/STM32CubeIDE/plugins/com.st.stm32cube.ide.mcu.externaltools.gnu-tools-for-stm32.13.3.rel1.win32_1.0.100.202509120712/tools/bin/../lib/gcc/arm-none-eabi/13.3.1/../../../../arm-none-eabi/lib/thumb/v7-m/nofp\libc_nano.a(libc_a-init.o)

.debug_loclists
                0x00000000     0x55ce
 .debug_loclists
                0x00000000       0x17 ./src/bsp/stm32f1xx_hal_msp.o
 .debug_loclists
                0x00000017       0xac ./src/bsp/system_stm32f1xx.o
 .debug_loclists
                0x000000c3       0xaa ./src/hw/driver/led.o
 .debug_loclists
                0x0000016d       0xd5 ./src/lib/cube_f103/Drivers/STM32F1xx_HAL_Driver/Src/stm32f1xx_hal.o
 .debug_loclists
                0x00000242      0x3cb ./src/lib/cube_f103/Drivers/STM32F1xx_HAL_Driver/Src/stm32f1xx_hal_cortex.o
 .debug_loclists
                0x0000060d      0x2e9 ./src/lib/cube_f103/Drivers/STM32F1xx_HAL_Driver/Src/stm32f1xx_hal_gpio.o
 .debug_loclists
                0x000008f6     0x127c ./src/lib/cube_f103/Drivers/STM32F1xx_HAL_Driver/Src/stm32f1xx_hal_pcd.o
 .debug_loclists
                0x00001b72      0x484 ./src/lib/cube_f103/Drivers/STM32F1xx_HAL_Driver/Src/stm32f1xx_hal_pcd_ex.o
 .debug_loclists
                0x00001ff6      0x41d ./src/lib/cube_f103/Drivers/STM32F1xx_HAL_Driver/Src/stm32f1xx_hal_rcc.o
 .debug_loclists
                0x00002413      0x270 ./src/lib/cube_f103/Drivers/STM32F1xx_HAL_Driver/Src/stm32f1xx_hal_rcc_ex.o
 .debug_loclists
                0x00002683     0x11c4 ./src/lib/cube_f103/Drivers/STM32F1xx_HAL_Driver/Src/stm32f1xx_ll_usb.o
 .debug_loclists
                0x00003847      0x4a7 ./src/lib/cube_f103/Middlewares/ST/STM32_USB_Device_Library/Class/CDC/Src/usbd_cdc.o
 .debug_loclists
                0x00003cee      0x576 ./src/lib/cube_f103/Middlewares/ST/STM32_USB_Device_Library/Core/Src/usbd_core.o
 .debug_loclists
                0x00004264      0x6cd ./src/lib/cube_f103/Middlewares/ST/STM32_USB_Device_Library/Core/Src/usbd_ctlreq.o
 .debug_loclists
                0x00004931      0x214 ./src/lib/cube_f103/Middlewares/ST/STM32_USB_Device_Library/Core/Src/usbd_ioreq.o
 .debug_loclists
                0x00004b45       0xef ./src/lib/cube_f103/USB_DEVICE/App/usbd_cdc_if.o
 .debug_loclists
                0x00004c34      0x284 ./src/lib/cube_f103/USB_DEVICE/App/usbd_desc.o
 .debug_loclists
                0x00004eb8      0x716 ./src/lib/cube_f103/USB_DEVICE/Target/usbd_conf.o

.debug_line_str
                0x00000000       0x5e
 .debug_line_str
                0x00000000       0x5e ./src/bsp/startup/startup_stm32f103rbtx.o
